Archive member included to satisfy reference by file (symbol)

/Applications/ArmGNUToolchain/14.2.rel1/arm-none-eabi/bin/../lib/gcc/arm-none-eabi/14.2.1/thumb/v6-m/nofp/libgcc.a(_dvmd_tls.o)
                              CMakeFiles/w25q128_driver.dir/Users/thetragedyofdarthwise/pico/pico-sdk/src/rp2_common/pico_divider/divider_hardware.S.o (__aeabi_idiv0)
/Applications/ArmGNUToolchain/14.2.rel1/arm-none-eabi/bin/../lib/gcc/arm-none-eabi/14.2.1/../../../../arm-none-eabi/lib/thumb/v6-m/nofp/libg.a(libc_a-calloc.o)
                              CMakeFiles/w25q128_driver.dir/Users/thetragedyofdarthwise/pico/pico-sdk/src/rp2_common/pico_malloc/malloc.c.o (calloc)
/Applications/ArmGNUToolchain/14.2.rel1/arm-none-eabi/bin/../lib/gcc/arm-none-eabi/14.2.1/../../../../arm-none-eabi/lib/thumb/v6-m/nofp/libg.a(libc_a-callocr.o)
                              /Applications/ArmGNUToolchain/14.2.rel1/arm-none-eabi/bin/../lib/gcc/arm-none-eabi/14.2.1/../../../../arm-none-eabi/lib/thumb/v6-m/nofp/libg.a(libc_a-calloc.o) (_calloc_r)
/Applications/ArmGNUToolchain/14.2.rel1/arm-none-eabi/bin/../lib/gcc/arm-none-eabi/14.2.1/../../../../arm-none-eabi/lib/thumb/v6-m/nofp/libg.a(libc_a-malloc.o)
                              CMakeFiles/w25q128_driver.dir/Users/thetragedyofdarthwise/pico/pico-sdk/src/rp2_common/pico_malloc/malloc.c.o (malloc)
/Applications/ArmGNUToolchain/14.2.rel1/arm-none-eabi/bin/../lib/gcc/arm-none-eabi/14.2.1/../../../../arm-none-eabi/lib/thumb/v6-m/nofp/libg.a(libc_a-mallocr.o)
                              /Applications/ArmGNUToolchain/14.2.rel1/arm-none-eabi/bin/../lib/gcc/arm-none-eabi/14.2.1/../../../../arm-none-eabi/lib/thumb/v6-m/nofp/libg.a(libc_a-callocr.o) (_malloc_r)
/Applications/ArmGNUToolchain/14.2.rel1/arm-none-eabi/bin/../lib/gcc/arm-none-eabi/14.2.1/../../../../arm-none-eabi/lib/thumb/v6-m/nofp/libg.a(libc_a-mlock.o)
                              /Applications/ArmGNUToolchain/14.2.rel1/arm-none-eabi/bin/../lib/gcc/arm-none-eabi/14.2.1/../../../../arm-none-eabi/lib/thumb/v6-m/nofp/libg.a(libc_a-mallocr.o) (__malloc_lock)
/Applications/ArmGNUToolchain/14.2.rel1/arm-none-eabi/bin/../lib/gcc/arm-none-eabi/14.2.1/../../../../arm-none-eabi/lib/thumb/v6-m/nofp/libg.a(libc_a-realloc.o)
                              CMakeFiles/w25q128_driver.dir/Users/thetragedyofdarthwise/pico/pico-sdk/src/rp2_common/pico_malloc/malloc.c.o (realloc)
/Applications/ArmGNUToolchain/14.2.rel1/arm-none-eabi/bin/../lib/gcc/arm-none-eabi/14.2.1/../../../../arm-none-eabi/lib/thumb/v6-m/nofp/libg.a(libc_a-reallocr.o)
                              /Applications/ArmGNUToolchain/14.2.rel1/arm-none-eabi/bin/../lib/gcc/arm-none-eabi/14.2.1/../../../../arm-none-eabi/lib/thumb/v6-m/nofp/libg.a(libc_a-realloc.o) (_realloc_r)
/Applications/ArmGNUToolchain/14.2.rel1/arm-none-eabi/bin/../lib/gcc/arm-none-eabi/14.2.1/../../../../arm-none-eabi/lib/thumb/v6-m/nofp/libg.a(libc_a-scanf.o)
                              CMakeFiles/w25q128_driver.dir/main.c.o (scanf)
/Applications/ArmGNUToolchain/14.2.rel1/arm-none-eabi/bin/../lib/gcc/arm-none-eabi/14.2.1/../../../../arm-none-eabi/lib/thumb/v6-m/nofp/libg.a(libc_a-memcmp.o)
                              CMakeFiles/w25q128_driver.dir/Users/thetragedyofdarthwise/pico/pico-sdk/src/rp2_common/pico_atomic/atomic.c.o (memcmp)
/Applications/ArmGNUToolchain/14.2.rel1/arm-none-eabi/bin/../lib/gcc/arm-none-eabi/14.2.1/../../../../arm-none-eabi/lib/thumb/v6-m/nofp/libg.a(libc_a-memmove.o)
                              /Applications/ArmGNUToolchain/14.2.rel1/arm-none-eabi/bin/../lib/gcc/arm-none-eabi/14.2.1/../../../../arm-none-eabi/lib/thumb/v6-m/nofp/libg.a(libc_a-reallocr.o) (memmove)
/Applications/ArmGNUToolchain/14.2.rel1/arm-none-eabi/bin/../lib/gcc/arm-none-eabi/14.2.1/../../../../arm-none-eabi/lib/thumb/v6-m/nofp/libg.a(libc_a-lcltime_r.o)
                              CMakeFiles/w25q128_driver.dir/Users/thetragedyofdarthwise/pico/pico-sdk/src/common/pico_util/datetime.c.o (localtime_r)
/Applications/ArmGNUToolchain/14.2.rel1/arm-none-eabi/bin/../lib/gcc/arm-none-eabi/14.2.1/../../../../arm-none-eabi/lib/thumb/v6-m/nofp/libg.a(libc_a-mktime.o)
                              CMakeFiles/w25q128_driver.dir/Users/thetragedyofdarthwise/pico/pico-sdk/src/common/pico_util/datetime.c.o (mktime)
/Applications/ArmGNUToolchain/14.2.rel1/arm-none-eabi/bin/../lib/gcc/arm-none-eabi/14.2.1/../../../../arm-none-eabi/lib/thumb/v6-m/nofp/libg.a(libc_a-month_lengths.o)
                              /Applications/ArmGNUToolchain/14.2.rel1/arm-none-eabi/bin/../lib/gcc/arm-none-eabi/14.2.1/../../../../arm-none-eabi/lib/thumb/v6-m/nofp/libg.a(libc_a-lcltime_r.o) (__month_lengths)
/Applications/ArmGNUToolchain/14.2.rel1/arm-none-eabi/bin/../lib/gcc/arm-none-eabi/14.2.1/../../../../arm-none-eabi/lib/thumb/v6-m/nofp/libg.a(libc_a-tzcalc_limits.o)
[...]
Memory Configuration

Name             Origin             Length             Attributes
FLASH            0x10000000         0x00200000         xr
RAM              0x20000000         0x00040000         xrw
SCRATCH_X        0x20040000         0x00001000         xrw
SCRATCH_Y        0x20041000         0x00001000         xrw
*default*        0x00000000         0xffffffff

Linker script and memory map

LOAD /Applications/ArmGNUToolchain/14.2.rel1/arm-none-eabi/bin/../lib/gcc/arm-none-eabi/14.2.1/thumb/v6-m/nofp/crti.o
LOAD /Applications/ArmGNUToolchain/14.2.rel1/arm-none-eabi/bin/../lib/gcc/arm-none-eabi/14.2.1/thumb/v6-m/nofp/crtbegin.o
LOAD /Applications/ArmGNUToolchain/14.2.rel1/arm-none-eabi/bin/../lib/gcc/arm-none-eabi/14.2.1/../../../../arm-none-eabi/lib/thumb/v6-m/nofp/crt0.o

.flash_begin    0x10000000        0x0
                0x10000000                        __flash_binary_start = .

.boot2          0x10000000      0x100
                0x10000000                        __boot2_start__ = .
 *(.boot2)
 .boot2         0x10000000      0x100 pico-sdk/src/rp2040/boot_stage2/CMakeFiles/bs2_default_library.dir/bs2_default_padded_checksummed.S.o
                0x10000100                        __boot2_end__ = .
                0x00000001                        ASSERT (((__boot2_end__ - __boot2_start__) == 0x100), ERROR: Pico second stage bootloader must be 256 bytes in size)

.text           0x10000100     0xca2c
                0x10000100                        __logical_binary_start = .
 *(.vectors)
 .vectors       0x10000100       0xd4 CMakeFiles/w25q128_driver.dir/Users/thetragedyofdarthwise/pico/pico-sdk/src/rp2_common/pico_crt0/crt0.S.o
                0x10000100                __VECTOR_TABLE
                0x10000100                __vectors
                0x100001c0                __default_isrs_start
                0x100001c0                isr_invalid
                0x100001c2                isr_nmi
                0x100001c4                isr_hardfault
                0x100001c6                isr_svcall
                0x100001c8                isr_pendsv
                0x100001ca                isr_systick
                0x100001cc                isr_irq28
                0x100001cc                isr_irq19
                0x100001cc                isr_irq0
                0x100001cc                isr_irq6
                0x100001cc                isr_irq22
                0x100001cc                isr_irq17
                0x100001cc                isr_irq14
                0x100001cc                isr_irq2
                0x100001cc                isr_irq10
                0x100001cc                isr_irq8
                0x100001cc                isr_irq24
                0x100001cc                isr_irq1
                0x100001cc                isr_irq7
                0x100001cc                isr_irq21
                0x100001cc                isr_irq20
                0x100001cc                isr_irq15
                0x100001cc                isr_irq25
                0x100001cc                isr_irq4
                0x100001cc                isr_irq16
                0x100001cc                isr_irq29
                0x100001cc                isr_irq26
                0x100001cc                __default_isrs_end
                0x100001cc                isr_irq3
                0x100001cc                isr_irq9
                0x100001cc                __unhandled_user_irq
                0x100001cc                isr_irq13
                0x100001cc                isr_irq27
                0x100001cc                isr_irq31
                0x100001cc                isr_irq5
                0x100001cc                isr_irq11
                0x100001cc                isr_irq23
                0x100001cc                isr_irq18
                0x100001cc                isr_irq30
                0x100001cc                isr_irq12
                0x100001d2                unhandled_user_irq_num_in_r0
 *(.binary_info_header)
 .binary_info_header
                0x100001d4       0x14 CMakeFiles/w25q128_driver.dir/Users/thetragedyofdarthwise/pico/pico-sdk/src/rp2_common/pico_crt0/crt0.S.o
                0x100001e8                        __binary_info_header_end = .
 *(.embedded_block)
                0x100001e8                        __embedded_block_end = .
 *(.reset)
 .reset         0x100001e8       0x9c CMakeFiles/w25q128_driver.dir/Users/thetragedyofdarthwise/pico/pico-sdk/src/rp2_common/pico_crt0/crt0.S.o
                0x100001e8                _entry_point
 *(.init)
 .init          0x10000284        0x4 /Applications/ArmGNUToolchain/14.2.rel1/arm-none-eabi/bin/../lib/gcc/arm-none-eabi/14.2.1/thumb/v6-m/nofp/crti.o
                0x10000284                _init
 *(EXCLUDE_FILE(*libm.a: *libc.a:*lib_a-mem*.o *libgcc.a:) .text*)
 .text.register_tm_clones
                0x10000288       0x28 /Applications/ArmGNUToolchain/14.2.rel1/arm-none-eabi/bin/../lib/gcc/arm-none-eabi/14.2.1/thumb/v6-m/nofp/crtbegin.o
 .text.frame_dummy
                0x100002b0       0x24 /Applications/ArmGNUToolchain/14.2.rel1/arm-none-eabi/bin/../lib/gcc/arm-none-eabi/14.2.1/thumb/v6-m/nofp/crtbegin.o
 .text.startup.main
                0x100002d4       0x58 CMakeFiles/w25q128_driver.dir/main.c.o
                0x100002d4                main
 .text.rp2040_chip_version
                0x1000032c        0xc CMakeFiles/w25q128_driver.dir/Users/thetragedyofdarthwise/pico/pico-sdk/src/rp2040/pico_platform/platform.c.o
                0x1000032c                rp2040_chip_version
 .text.panic    0x10000338       0x30 CMakeFiles/w25q128_driver.dir/Users/thetragedyofdarthwise/pico/pico-sdk/src/rp2_common/pico_platform_panic/panic.c.o
                0x10000338                panic
 .text.hw_claim_or_assert
                0x10000368       0x44 CMakeFiles/w25q128_driver.dir/Users/thetragedyofdarthwise/pico/pico-sdk/src/common/hardware_claim/claim.c.o
                0x10000368                hw_claim_or_assert
 .text.hw_claim_unused_from_range
                0x100003ac       0x88 CMakeFiles/w25q128_driver.dir/Users/thetragedyofdarthwise/pico/pico-sdk/src/common/hardware_claim/claim.c.o
                0x100003ac                hw_claim_unused_from_range
 .text.next_striped_spin_lock_num
                0x10000434       0x18 CMakeFiles/w25q128_driver.dir/Users/thetragedyofdarthwise/pico/pico-sdk/src/rp2_common/hardware_sync/sync.c.o
                0x10000434                next_striped_spin_lock_num
 .text.spin_lock_claim_unused
                0x1000044c       0x24 CMakeFiles/w25q128_driver.dir/Users/thetragedyofdarthwise/pico/pico-sdk/src/rp2_common/hardware_sync/sync.c.o
                0x1000044c                spin_lock_claim_unused
 .text.spin_locks_reset
                0x10000470       0x1c CMakeFiles/w25q128_driver.dir/Users/thetragedyofdarthwise/pico/pico-sdk/src/rp2_common/hardware_sync_spin_lock/sync_spin_lock.c.o
                0x10000470                spin_locks_reset
 .text.runtime_init_per_core_irq_priorities
                0x1000048c       0x24 CMakeFiles/w25q128_driver.dir/Users/thetragedyofdarthwise/pico/pico-sdk/src/rp2_common/hardware_irq/irq.c.o
                0x1000048c                runtime_init_per_core_irq_priorities
 .text.irq_set_enabled
                0x100004b0       0x24 CMakeFiles/w25q128_driver.dir/Users/thetragedyofdarthwise/pico/pico-sdk/src/rp2_common/hardware_irq/irq.c.o
                0x100004b0                irq_set_enabled
 .text.irq_is_enabled
                0x100004d4       0x18 CMakeFiles/w25q128_driver.dir/Users/thetragedyofdarthwise/pico/pico-sdk/src/rp2_common/hardware_irq/irq.c.o
                0x100004d4                irq_is_enabled
 .text.irq_set_pending
                0x100004ec       0x10 CMakeFiles/w25q128_driver.dir/Users/thetragedyofdarthwise/pico/pico-sdk/src/rp2_common/hardware_irq/irq.c.o
                0x100004ec                irq_set_pending
 .text.irq_has_shared_handler
                0x100004fc       0x2c CMakeFiles/w25q128_driver.dir/Users/thetragedyofdarthwise/pico/pico-sdk/src/rp2_common/hardware_irq/irq.c.o
                0x100004fc                irq_has_shared_handler
 .text.irq_set_exclusive_handler
                0x10000528       0x54 CMakeFiles/w25q128_driver.dir/Users/thetragedyofdarthwise/pico/pico-sdk/src/rp2_common/hardware_irq/irq.c.o
                0x10000528                irq_set_exclusive_handler
 .text.irq_add_shared_handler
                0x1000057c      0x1f4 CMakeFiles/w25q128_driver.dir/Users/thetragedyofdarthwise/pico/pico-sdk/src/rp2_common/hardware_irq/irq.c.o
                0x1000057c                irq_add_shared_handler
 .text.irq_add_tail_to_free_list
                0x10000770       0xb4 CMakeFiles/w25q128_driver.dir/Users/thetragedyofdarthwise/pico/pico-sdk/src/rp2_common/hardware_irq/irq.c.o
                0x10000770                irq_add_tail_to_free_list
 .text.user_irq_claim_unused
                0x10000824       0x2c CMakeFiles/w25q128_driver.dir/Users/thetragedyofdarthwise/pico/pico-sdk/src/rp2_common/hardware_irq/irq.c.o
                0x10000824                user_irq_claim_unused
 .text.lock_init
                0x10000850       0x10 CMakeFiles/w25q128_driver.dir/Users/thetragedyofdarthwise/pico/pico-sdk/src/common/pico_sync/lock_core.c.o
                0x10000850                lock_init
 .text.runtime_init_mutex
                0x10000860       0x50 CMakeFiles/w25q128_driver.dir/Users/thetragedyofdarthwise/pico/pico-sdk/src/common/pico_sync/mutex.c.o
                0x10000860                runtime_init_mutex
 .text.mutex_init
                0x100008b0       0x1c CMakeFiles/w25q128_driver.dir/Users/thetragedyofdarthwise/pico/pico-sdk/src/common/pico_sync/mutex.c.o
                0x100008b0                mutex_init
 .text.critical_section_init
                0x100008cc       0x1c CMakeFiles/w25q128_driver.dir/Users/thetragedyofdarthwise/pico/pico-sdk/src/common/pico_sync/critical_section.c.o
                0x100008cc                critical_section_init
 .text.critical_section_init_with_lock_num
                0x100008e8       0x14 CMakeFiles/w25q128_driver.dir/Users/thetragedyofdarthwise/pico/pico-sdk/src/common/pico_sync/critical_section.c.o
                0x100008e8                critical_section_init_with_lock_num
 .text.sleep_until_callback
                0x100008fc       0x30 CMakeFiles/w25q128_driver.dir/Users/thetragedyofdarthwise/pico/pico-sdk/src/common/pico_time/time.c.o
 .text.alarm_pool_irq_handler
                0x1000092c      0x2fc CMakeFiles/w25q128_driver.dir/Users/thetragedyofdarthwise/pico/pico-sdk/src/common/pico_time/time.c.o
 .text.runtime_init_default_alarm_pool
                0x10000c28       0xdc CMakeFiles/w25q128_driver.dir/Users/thetragedyofdarthwise/pico/pico-sdk/src/common/pico_time/time.c.o
                0x10000c28                runtime_init_default_alarm_pool
 .text.alarm_pool_get_default
                0x10000d04        0x8 CMakeFiles/w25q128_driver.dir/Users/thetragedyofdarthwise/pico/pico-sdk/src/common/pico_time/time.c.o
                0x10000d04                alarm_pool_get_default
 .text.alarm_pool_add_alarm_at
                0x10000d0c       0xd0 CMakeFiles/w25q128_driver.dir/Users/thetragedyofdarthwise/pico/pico-sdk/src/common/pico_time/time.c.o
                0x10000d0c                alarm_pool_add_alarm_at
 .text.alarm_pool_add_alarm_at_force_in_context
                0x10000ddc       0xb0 CMakeFiles/w25q128_driver.dir/Users/thetragedyofdarthwise/pico/pico-sdk/src/common/pico_time/time.c.o
                0x10000ddc                alarm_pool_add_alarm_at_force_in_context
 .text.alarm_pool_cancel_alarm
                0x10000e8c       0x74 CMakeFiles/w25q128_driver.dir/Users/thetragedyofdarthwise/pico/pico-sdk/src/common/pico_time/time.c.o
                0x10000e8c                alarm_pool_cancel_alarm
 .text.alarm_pool_core_num
                0x10000f00        0x4 CMakeFiles/w25q128_driver.dir/Users/thetragedyofdarthwise/pico/pico-sdk/src/common/pico_time/time.c.o
                0x10000f00                alarm_pool_core_num
 .text.sleep_ms
                0x10000f04       0xfc CMakeFiles/w25q128_driver.dir/Users/thetragedyofdarthwise/pico/pico-sdk/src/common/pico_time/time.c.o
                0x10000f04                sleep_ms
 .text.best_effort_wfe_or_timeout
                0x10001000       0xec CMakeFiles/w25q128_driver.dir/Users/thetragedyofdarthwise/pico/pico-sdk/src/common/pico_time/time.c.o
                0x10001000                best_effort_wfe_or_timeout
 .text.timer_hardware_alarm_claim
                0x100010ec       0x14 CMakeFiles/w25q128_driver.dir/Users/thetragedyofdarthwise/pico/pico-sdk/src/rp2_common/hardware_timer/timer.c.o
                0x100010ec                timer_hardware_alarm_claim
 .text.timer_time_us_64
                0x10001100       0x10 CMakeFiles/w25q128_driver.dir/Users/thetragedyofdarthwise/pico/pico-sdk/src/rp2_common/hardware_timer/timer.c.o
                0x10001100                timer_time_us_64
 .text.time_us_64
                0x10001110       0x14 CMakeFiles/w25q128_driver.dir/Users/thetragedyofdarthwise/pico/pico-sdk/src/rp2_common/hardware_timer/timer.c.o
                0x10001110                time_us_64
 .text.busy_wait_us
                0x10001124       0x68 CMakeFiles/w25q128_driver.dir/Users/thetragedyofdarthwise/pico/pico-sdk/src/rp2_common/hardware_timer/timer.c.o
                0x10001124                busy_wait_us
 .text.busy_wait_until
                0x1000118c       0x20 CMakeFiles/w25q128_driver.dir/Users/thetragedyofdarthwise/pico/pico-sdk/src/rp2_common/hardware_timer/timer.c.o
                0x1000118c                busy_wait_until
 .text.clock_configure_int_divider
                0x100011ac       0xf4 CMakeFiles/w25q128_driver.dir/Users/thetragedyofdarthwise/pico/pico-sdk/src/rp2_common/hardware_clocks/clocks.c.o
                0x100011ac                clock_configure_int_divider
 .text.clock_configure_undivided
                0x100012a0       0xe8 CMakeFiles/w25q128_driver.dir/Users/thetragedyofdarthwise/pico/pico-sdk/src/rp2_common/hardware_clocks/clocks.c.o
                0x100012a0                clock_configure_undivided
 .text.clock_get_hz
                0x10001388        0xc CMakeFiles/w25q128_driver.dir/Users/thetragedyofdarthwise/pico/pico-sdk/src/rp2_common/hardware_clocks/clocks.c.o
                0x10001388                clock_get_hz
 .text.pll_init
                0x10001394       0xa4 CMakeFiles/w25q128_driver.dir/Users/thetragedyofdarthwise/pico/pico-sdk/src/rp2_common/hardware_pll/pll.c.o
                0x10001394                pll_init
 .text.watchdog_reboot
                0x10001438       0x9c CMakeFiles/w25q128_driver.dir/Users/thetragedyofdarthwise/pico/pico-sdk/src/rp2_common/hardware_watchdog/watchdog.c.o
                0x10001438                watchdog_reboot
 .text.tick_start
                0x100014d4       0x10 CMakeFiles/w25q128_driver.dir/Users/thetragedyofdarthwise/pico/pico-sdk/src/rp2_common/hardware_ticks/ticks.c.o
                0x100014d4                tick_start
 .text.rom_func_lookup
                0x100014e4       0x10 CMakeFiles/w25q128_driver.dir/Users/thetragedyofdarthwise/pico/pico-sdk/src/rp2_common/pico_bootrom/bootrom.c.o
                0x100014e4                rom_func_lookup
 .text.rom_data_lookup
                0x100014f4       0x10 CMakeFiles/w25q128_driver.dir/Users/thetragedyofdarthwise/pico/pico-sdk/src/rp2_common/pico_bootrom/bootrom.c.o
                0x100014f4                rom_data_lookup
 .text.rom_funcs_lookup
                0x10001504       0x44 CMakeFiles/w25q128_driver.dir/Users/thetragedyofdarthwise/pico/pico-sdk/src/rp2_common/pico_bootrom/bootrom.c.o
                0x10001504                rom_funcs_lookup
 .text.rom_reset_usb_boot
                0x10001548       0x1c CMakeFiles/w25q128_driver.dir/Users/thetragedyofdarthwise/pico/pico-sdk/src/rp2_common/pico_bootrom/bootrom.c.o
                0x10001548                rom_reset_usb_boot
 .text.rom_reset_usb_boot_extra
                0x10001564       0x24 CMakeFiles/w25q128_driver.dir/Users/thetragedyofdarthwise/pico/pico-sdk/src/rp2_common/pico_bootrom/bootrom.c.o
                0x10001564                rom_reset_usb_boot_extra
 .text.xosc_init
                0x10001588       0x28 CMakeFiles/w25q128_driver.dir/Users/thetragedyofdarthwise/pico/pico-sdk/src/rp2_common/hardware_xosc/xosc.c.o
                0x10001588                xosc_init
 .text.first_per_core_initializer
                0x100015b0        0x4 CMakeFiles/w25q128_driver.dir/Users/thetragedyofdarthwise/pico/pico-sdk/src/rp2_common/pico_runtime/runtime.c.o
 .text.hard_assertion_failure
                0x100015b4        0xc CMakeFiles/w25q128_driver.dir/Users/thetragedyofdarthwise/pico/pico-sdk/src/rp2_common/pico_runtime/runtime.c.o
                0x100015b4                hard_assertion_failure
 .text.runtime_run_initializers
                0x100015c0       0x28 CMakeFiles/w25q128_driver.dir/Users/thetragedyofdarthwise/pico/pico-sdk/src/rp2_common/pico_runtime/runtime.c.o
                0x100015c0                runtime_run_initializers
 .text.runtime_init_early_resets
                0x100015e8       0x2c CMakeFiles/w25q128_driver.dir/Users/thetragedyofdarthwise/pico/pico-sdk/src/rp2_common/pico_runtime_init/runtime_init.c.o
                0x100015e8                runtime_init_early_resets
 .text.runtime_init_usb_power_down
                0x10001614       0x1c CMakeFiles/w25q128_driver.dir/Users/thetragedyofdarthwise/pico/pico-sdk/src/rp2_common/pico_runtime_init/runtime_init.c.o
                0x10001614                runtime_init_usb_power_down
 .text.runtime_init_post_clock_resets
                0x10001630       0x20 CMakeFiles/w25q128_driver.dir/Users/thetragedyofdarthwise/pico/pico-sdk/src/rp2_common/pico_runtime_init/runtime_init.c.o
                0x10001630                runtime_init_post_clock_resets
 .text.runtime_init_rp2040_gpio_ie_disable
                0x10001650       0x14 CMakeFiles/w25q128_driver.dir/Users/thetragedyofdarthwise/pico/pico-sdk/src/rp2_common/pico_runtime_init/runtime_init.c.o
                0x10001650                runtime_init_rp2040_gpio_ie_disable
 .text.runtime_init_spin_locks_reset
                0x10001664        0x8 CMakeFiles/w25q128_driver.dir/Users/thetragedyofdarthwise/pico/pico-sdk/src/rp2_common/pico_runtime_init/runtime_init.c.o
                0x10001664                runtime_init_spin_locks_reset
 .text.runtime_init_install_ram_vector_table
                0x1000166c       0x1c CMakeFiles/w25q128_driver.dir/Users/thetragedyofdarthwise/pico/pico-sdk/src/rp2_common/pico_runtime_init/runtime_init.c.o
                0x1000166c                runtime_init_install_ram_vector_table
 .text.runtime_init_clocks
                0x10001688       0xd8 CMakeFiles/w25q128_driver.dir/Users/thetragedyofdarthwise/pico/pico-sdk/src/rp2_common/pico_runtime_init/runtime_init_clocks.c.o
                0x10001688                runtime_init_clocks
 .text          0x10001760       0x10 CMakeFiles/w25q128_driver.dir/Users/thetragedyofdarthwise/pico/pico-sdk/src/rp2_common/pico_bit_ops/bit_ops_aeabi.S.o
 .text.__wrap___aeabi_idiv
                0x10001770       0x50 CMakeFiles/w25q128_driver.dir/Users/thetragedyofdarthwise/pico/pico-sdk/src/rp2_common/pico_divider/divider_hardware.S.o
                0x10001770                __wrap___aeabi_idivmod
                0x10001770                divmod_s32s32
                0x10001770                div_s32s32
                0x10001770                __wrap___aeabi_idiv
                0x10001778                divmod_s32s32_unsafe
                0x100017a4                divmod_s32s32_savestate
 .text.__wrap___aeabi_uidiv
                0x100017c0       0x4c CMakeFiles/w25q128_driver.dir/Users/thetragedyofdarthwise/pico/pico-sdk/src/rp2_common/pico_divider/divider_hardware.S.o
                0x100017c0                __wrap___aeabi_uidiv
                0x100017c0                __wrap___aeabi_uidivmod
                0x100017c0                div_u32u32
                0x100017c0                divmod_u32u32
                0x100017c8                divmod_u32u32_unsafe
                0x100017f0                divmod_u32u32_savestate
 .text.__wrap___aeabi_ldiv
                0x1000180c      0x424 CMakeFiles/w25q128_driver.dir/Users/thetragedyofdarthwise/pico/pico-sdk/src/rp2_common/pico_divider/divider_hardware.S.o
                0x1000180c                __wrap___aeabi_ldivmod
                0x1000180c                div_s64s64
                0x1000180c                divmod_s64s64
                0x1000183c                divmod_u64u64
                0x1000183c                div_u64u64
                0x1000183c                __wrap___aeabi_uldivmod
                0x1000184c                divmod_u64u64_savestate
                0x1000186c                divmod_s64s64_unsafe
                0x100018f4                divmod_u64u64_unsafe
 .text.__wrap___aeabi_darithmetic
                0x10001c30       0x60 CMakeFiles/w25q128_driver.dir/Users/thetragedyofdarthwise/pico/pico-sdk/src/rp2_common/pico_double/double_aeabi_rp2040.S.o
                0x10001c30                __wrap___aeabi_drsub
                0x10001c36                __wrap___aeabi_dsub
                0x10001c40                __wrap___aeabi_dadd
                0x10001c4a                __wrap___aeabi_ddiv
                0x10001c7e                __wrap___aeabi_dmul
 .text.__wrap___aeabi_cdcmple
                0x10001c90       0x6c CMakeFiles/w25q128_driver.dir/Users/thetragedyofdarthwise/pico/pico-sdk/src/rp2_common/pico_double/double_aeabi_rp2040.S.o
                0x10001c90                __wrap___aeabi_cdrcmple
                0x10001ca0                __wrap___aeabi_cdcmple
                0x10001ca0                __wrap___aeabi_cdcmpeq
 .text.__wrap___aeabi_dcmpeq
                0x10001cfc       0x10 CMakeFiles/w25q128_driver.dir/Users/thetragedyofdarthwise/pico/pico-sdk/src/rp2_common/pico_double/double_aeabi_rp2040.S.o
                0x10001cfc                __wrap___aeabi_dcmpeq
 .text.__wrap___aeabi_dcmplt
                0x10001d0c        0xc CMakeFiles/w25q128_driver.dir/Users/thetragedyofdarthwise/pico/pico-sdk/src/rp2_common/pico_double/double_aeabi_rp2040.S.o
                0x10001d0c                __wrap___aeabi_dcmplt
 .text.__wrap___aeabi_dcmple
                0x10001d18       0x10 CMakeFiles/w25q128_driver.dir/Users/thetragedyofdarthwise/pico/pico-sdk/src/rp2_common/pico_double/double_aeabi_rp2040.S.o
                0x10001d18                __wrap___aeabi_dcmple
 .text.__wrap___aeabi_dcmpge
                0x10001d28       0x10 CMakeFiles/w25q128_driver.dir/Users/thetragedyofdarthwise/pico/pico-sdk/src/rp2_common/pico_double/double_aeabi_rp2040.S.o
                0x10001d28                __wrap___aeabi_dcmpge
 .text.__wrap___aeabi_dcmpgt
                0x10001d38        0xa CMakeFiles/w25q128_driver.dir/Users/thetragedyofdarthwise/pico/pico-sdk/src/rp2_common/pico_double/double_aeabi_rp2040.S.o
                0x10001d38                __wrap___aeabi_dcmpgt
 .text.__wrap___aeabi_dcmpun
                0x10001d42       0x18 CMakeFiles/w25q128_driver.dir/Users/thetragedyofdarthwise/pico/pico-sdk/src/rp2_common/pico_double/double_aeabi_rp2040.S.o
                0x10001d42                __wrap___aeabi_dcmpun
 *fill*         0x10001d5a        0x2 
 .text.__wrap___aeabi_i2d
                0x10001d5c       0x38 CMakeFiles/w25q128_driver.dir/Users/thetragedyofdarthwise/pico/pico-sdk/src/rp2_common/pico_double/double_aeabi_rp2040.S.o
                0x10001d5c                __wrap___aeabi_ui2d
                0x10001d64                __wrap___aeabi_i2d
 .text.__wrap___aeabi_d2iz
                0x10001d94       0x48 CMakeFiles/w25q128_driver.dir/Users/thetragedyofdarthwise/pico/pico-sdk/src/rp2_common/pico_double/double_aeabi_rp2040.S.o
                0x10001d94                __wrap___aeabi_d2iz
                0x10001d94                double2int_z
 .text.__wrap___aeabi_d2uiz
                0x10001ddc       0x10 CMakeFiles/w25q128_driver.dir/Users/thetragedyofdarthwise/pico/pico-sdk/src/rp2_common/pico_double/double_aeabi_rp2040.S.o
                0x10001ddc                double2uint
                0x10001ddc                __wrap___aeabi_d2uiz
 .text.__wrap___aeabi_l2d
                0x10001dec       0x10 CMakeFiles/w25q128_driver.dir/Users/thetragedyofdarthwise/pico/pico-sdk/src/rp2_common/pico_double/double_aeabi_rp2040.S.o
                0x10001dec                __wrap___aeabi_l2d
 .text.__wrap___aeabi_d2lz
                0x10001dfc       0x26 CMakeFiles/w25q128_driver.dir/Users/thetragedyofdarthwise/pico/pico-sdk/src/rp2_common/pico_double/double_aeabi_rp2040.S.o
                0x10001dfc                __wrap___aeabi_d2lz
                0x10001dfc                double2int64_z
 *fill*         0x10001e22        0x2 
 .text.double2int64
                0x10001e24       0x10 CMakeFiles/w25q128_driver.dir/Users/thetragedyofdarthwise/pico/pico-sdk/src/rp2_common/pico_double/double_aeabi_rp2040.S.o
                0x10001e24                double2int64
 .text.double2ufix64
                0x10001e34       0x10 CMakeFiles/w25q128_driver.dir/Users/thetragedyofdarthwise/pico/pico-sdk/src/rp2_common/pico_double/double_aeabi_rp2040.S.o
                0x10001e34                double2ufix64
 .text.__wrap___aeabi_d2f
                0x10001e44       0x10 CMakeFiles/w25q128_driver.dir/Users/thetragedyofdarthwise/pico/pico-sdk/src/rp2_common/pico_double/double_aeabi_rp2040.S.o
                0x10001e44                __wrap___aeabi_d2f
 .text.missing_double_func_shim
                0x10001e54        0xc CMakeFiles/w25q128_driver.dir/Users/thetragedyofdarthwise/pico/pico-sdk/src/rp2_common/pico_double/double_init_rom_rp2040.c.o
 .text.__aeabi_double_init
                0x10001e60       0xa0 CMakeFiles/w25q128_driver.dir/Users/thetragedyofdarthwise/pico/pico-sdk/src/rp2_common/pico_double/double_init_rom_rp2040.c.o
                0x10001e60                __aeabi_double_init
 .text.double_table_shim_on_use_helper
                0x10001f00       0x2c CMakeFiles/w25q128_driver.dir/Users/thetragedyofdarthwise/pico/pico-sdk/src/rp2_common/pico_double/double_v1_rom_shim_rp2040.S.o
                0x10001f00                double_table_shim_on_use_helper
 .text.__aeabi_lmul
                0x10001f2c       0x32 CMakeFiles/w25q128_driver.dir/Users/thetragedyofdarthwise/pico/pico-sdk/src/rp2_common/pico_int64_ops/pico_int64_ops_aeabi.S.o
                0x10001f2c                __wrap___aeabi_lmul
 *fill*         0x10001f5e        0x2 
 .text.missing_float_func_shim
                0x10001f60        0xc CMakeFiles/w25q128_driver.dir/Users/thetragedyofdarthwise/pico/pico-sdk/src/rp2_common/pico_float/float_init_rom_rp2040.c.o
 .text.__aeabi_float_init
                0x10001f6c       0x5c CMakeFiles/w25q128_driver.dir/Users/thetragedyofdarthwise/pico/pico-sdk/src/rp2_common/pico_float/float_init_rom_rp2040.c.o
                0x10001f6c                __aeabi_float_init
 .text.__wrap_malloc
                0x10001fc8       0x24 CMakeFiles/w25q128_driver.dir/Users/thetragedyofdarthwise/pico/pico-sdk/src/rp2_common/pico_malloc/malloc.c.o
                0x10001fc8                __wrap_malloc
 .text.__wrap_realloc
                0x10001fec       0x24 CMakeFiles/w25q128_driver.dir/Users/thetragedyofdarthwise/pico/pico-sdk/src/rp2_common/pico_malloc/malloc.c.o
                0x10001fec                __wrap_realloc
 .text.__wrap_free
                0x10002010        0x8 CMakeFiles/w25q128_driver.dir/Users/thetragedyofdarthwise/pico/pico-sdk/src/rp2_common/pico_malloc/malloc.c.o
                0x10002010                __wrap_free
 .text          0x10002018       0x10 CMakeFiles/w25q128_driver.dir/Users/thetragedyofdarthwise/pico/pico-sdk/src/rp2_common/pico_mem_ops/mem_ops_aeabi.S.o
                0x10002018                __aeabi_mem_init
 .text.memset   0x10002028        0xc CMakeFiles/w25q128_driver.dir/Users/thetragedyofdarthwise/pico/pico-sdk/src/rp2_common/pico_mem_ops/mem_ops_aeabi.S.o
                0x10002028                __wrap_memset
 .text.memcpy   0x10002034        0xc CMakeFiles/w25q128_driver.dir/Users/thetragedyofdarthwise/pico/pico-sdk/src/rp2_common/pico_mem_ops/mem_ops_aeabi.S.o
                0x10002034                __wrap___aeabi_memcpy
                0x10002034                __wrap_memcpy
 .text._out_buffer
                0x10002040        0x8 CMakeFiles/w25q128_driver.dir/Users/thetragedyofdarthwise/pico/pico-sdk/src/rp2_common/pico_printf/printf.c.o
 .text._out_null
                0x10002048        0x4 CMakeFiles/w25q128_driver.dir/Users/thetragedyofdarthwise/pico/pico-sdk/src/rp2_common/pico_printf/printf.c.o
 .text._out_rev
                0x1000204c       0xac CMakeFiles/w25q128_driver.dir/Users/thetragedyofdarthwise/pico/pico-sdk/src/rp2_common/pico_printf/printf.c.o
 .text._ntoa_format
                0x100020f8      0x1cc CMakeFiles/w25q128_driver.dir/Users/thetragedyofdarthwise/pico/pico-sdk/src/rp2_common/pico_printf/printf.c.o
 .text._out_char
                0x100022c4       0x10 CMakeFiles/w25q128_driver.dir/Users/thetragedyofdarthwise/pico/pico-sdk/src/rp2_common/pico_printf/printf.c.o
 .text._out_fct
                0x100022d4       0x10 CMakeFiles/w25q128_driver.dir/Users/thetragedyofdarthwise/pico/pico-sdk/src/rp2_common/pico_printf/printf.c.o
 .text._ftoa    0x100022e4      0x4a8 CMakeFiles/w25q128_driver.dir/Users/thetragedyofdarthwise/pico/pico-sdk/src/rp2_common/pico_printf/printf.c.o
 .text._etoa    0x1000278c      0x57c CMakeFiles/w25q128_driver.dir/Users/thetragedyofdarthwise/pico/pico-sdk/src/rp2_common/pico_printf/printf.c.o
 .text._vsnprintf
                0x10002d08      0xbe0 CMakeFiles/w25q128_driver.dir/Users/thetragedyofdarthwise/pico/pico-sdk/src/rp2_common/pico_printf/printf.c.o
 .text.__wrap_sprintf
                0x100038e8       0x2c CMakeFiles/w25q128_driver.dir/Users/thetragedyofdarthwise/pico/pico-sdk/src/rp2_common/pico_printf/printf.c.o
                0x100038e8                __wrap_sprintf
 .text.vfctprintf
                0x10003914       0x24 CMakeFiles/w25q128_driver.dir/Users/thetragedyofdarthwise/pico/pico-sdk/src/rp2_common/pico_printf/printf.c.o
                0x10003914                vfctprintf
 .text.weak_raw_printf
                0x10003938       0x40 CMakeFiles/w25q128_driver.dir/Users/thetragedyofdarthwise/pico/pico-sdk/src/rp2_common/pico_printf/printf.c.o
                0x10003938                weak_raw_printf
 .text.weak_raw_vprintf
                0x10003978       0x30 CMakeFiles/w25q128_driver.dir/Users/thetragedyofdarthwise/pico/pico-sdk/src/rp2_common/pico_printf/printf.c.o
                0x10003978                weak_raw_vprintf
 .text._exit    0x100039a8        0x4 CMakeFiles/w25q128_driver.dir/Users/thetragedyofdarthwise/pico/pico-sdk/src/rp2_common/pico_clib_interface/newlib_interface.c.o
                0x100039a8                _exit
 .text._sbrk    0x100039ac       0x34 CMakeFiles/w25q128_driver.dir/Users/thetragedyofdarthwise/pico/pico-sdk/src/rp2_common/pico_clib_interface/newlib_interface.c.o
                0x100039ac                _sbrk
 .text._read    0x100039e0       0x24 CMakeFiles/w25q128_driver.dir/Users/thetragedyofdarthwise/pico/pico-sdk/src/rp2_common/pico_clib_interface/newlib_interface.c.o
                0x100039e0                _read
 .text._write   0x10003a04       0x24 CMakeFiles/w25q128_driver.dir/Users/thetragedyofdarthwise/pico/pico-sdk/src/rp2_common/pico_clib_interface/newlib_interface.c.o
                0x10003a04                _write
 .text._close   0x10003a28        0x8 CMakeFiles/w25q128_driver.dir/Users/thetragedyofdarthwise/pico/pico-sdk/src/rp2_common/pico_clib_interface/newlib_interface.c.o
                0x10003a28                _close
 .text._lseek   0x10003a30        0x8 CMakeFiles/w25q128_driver.dir/Users/thetragedyofdarthwise/pico/pico-sdk/src/rp2_common/pico_clib_interface/newlib_interface.c.o
                0x10003a30                _lseek
 .text._fstat   0x10003a38        0x8 CMakeFiles/w25q128_driver.dir/Users/thetragedyofdarthwise/pico/pico-sdk/src/rp2_common/pico_clib_interface/newlib_interface.c.o
                0x10003a38                _fstat
 .text._isatty  0x10003a40        0xc CMakeFiles/w25q128_driver.dir/Users/thetragedyofdarthwise/pico/pico-sdk/src/rp2_common/pico_clib_interface/newlib_interface.c.o
                0x10003a40                _isatty
 .text.exit     0x10003a4c        0x8 CMakeFiles/w25q128_driver.dir/Users/thetragedyofdarthwise/pico/pico-sdk/src/rp2_common/pico_clib_interface/newlib_interface.c.o
                0x10003a4c                exit
 .text.__assert_func
                0x10003a54       0x38 CMakeFiles/w25q128_driver.dir/Users/thetragedyofdarthwise/pico/pico-sdk/src/rp2_common/pico_clib_interface/newlib_interface.c.o
                0x10003a54                __assert_func
 .text.runtime_init
                0x10003a8c       0x2c CMakeFiles/w25q128_driver.dir/Users/thetragedyofdarthwise/pico/pico-sdk/src/rp2_common/pico_clib_interface/newlib_interface.c.o
                0x10003a8c                runtime_init
 .text.stdio_out_chars_no_crlf
                0x10003ab8       0x10 CMakeFiles/w25q128_driver.dir/Users/thetragedyofdarthwise/pico/pico-sdk/src/rp2_common/pico_stdio/stdio.c.o
 .text.stdio_out_chars_crlf
                0x10003ac8       0xb0 CMakeFiles/w25q128_driver.dir/Users/thetragedyofdarthwise/pico/pico-sdk/src/rp2_common/pico_stdio/stdio.c.o
 .text.stdio_buffered_printer
                0x10003b78       0x64 CMakeFiles/w25q128_driver.dir/Users/thetragedyofdarthwise/pico/pico-sdk/src/rp2_common/pico_stdio/stdio.c.o
 .text.stdio_put_string
                0x10003bdc       0xfc CMakeFiles/w25q128_driver.dir/Users/thetragedyofdarthwise/pico/pico-sdk/src/rp2_common/pico_stdio/stdio.c.o
                0x10003bdc                stdio_put_string
 .text.stdio_get_until
                0x10003cd8       0x84 CMakeFiles/w25q128_driver.dir/Users/thetragedyofdarthwise/pico/pico-sdk/src/rp2_common/pico_stdio/stdio.c.o
                0x10003cd8                stdio_get_until
 .text.stdio_set_driver_enabled
                0x10003d5c       0x30 CMakeFiles/w25q128_driver.dir/Users/thetragedyofdarthwise/pico/pico-sdk/src/rp2_common/pico_stdio/stdio.c.o
                0x10003d5c                stdio_set_driver_enabled
 .text.stdio_init_all
                0x10003d8c        0x8 CMakeFiles/w25q128_driver.dir/Users/thetragedyofdarthwise/pico/pico-sdk/src/rp2_common/pico_stdio/stdio.c.o
                0x10003d8c                stdio_init_all
 .text.__wrap_putchar
                0x10003d94       0x94 CMakeFiles/w25q128_driver.dir/Users/thetragedyofdarthwise/pico/pico-sdk/src/rp2_common/pico_stdio/stdio.c.o
                0x10003d94                stdio_putchar
                0x10003d94                __wrap_putchar
 .text.__wrap_puts
                0x10003e28       0x3c CMakeFiles/w25q128_driver.dir/Users/thetragedyofdarthwise/pico/pico-sdk/src/rp2_common/pico_stdio/stdio.c.o
                0x10003e28                __wrap_puts
                0x10003e28                stdio_puts
 .text.__wrap_vprintf
                0x10003e64       0xcc CMakeFiles/w25q128_driver.dir/Users/thetragedyofdarthwise/pico/pico-sdk/src/rp2_common/pico_stdio/stdio.c.o
                0x10003e64                __wrap_vprintf
                0x10003e64                stdio_vprintf
 .text.__wrap_printf
                0x10003f30       0x18 CMakeFiles/w25q128_driver.dir/Users/thetragedyofdarthwise/pico/pico-sdk/src/rp2_common/pico_stdio/stdio.c.o
                0x10003f30                stdio_printf
                0x10003f30                __wrap_printf
 .text.resetd_init
                0x10003f48        0x4 CMakeFiles/w25q128_driver.dir/Users/thetragedyofdarthwise/pico/pico-sdk/src/rp2_common/pico_stdio_usb/reset_interface.c.o
 .text.resetd_reset
                0x10003f4c        0xc CMakeFiles/w25q128_driver.dir/Users/thetragedyofdarthwise/pico/pico-sdk/src/rp2_common/pico_stdio_usb/reset_interface.c.o
 .text.resetd_open
                0x10003f58       0x28 CMakeFiles/w25q128_driver.dir/Users/thetragedyofdarthwise/pico/pico-sdk/src/rp2_common/pico_stdio_usb/reset_interface.c.o
 .text.resetd_xfer_cb
                0x10003f80        0x4 CMakeFiles/w25q128_driver.dir/Users/thetragedyofdarthwise/pico/pico-sdk/src/rp2_common/pico_stdio_usb/reset_interface.c.o
 .text.resetd_control_xfer_cb
                0x10003f84       0x54 CMakeFiles/w25q128_driver.dir/Users/thetragedyofdarthwise/pico/pico-sdk/src/rp2_common/pico_stdio_usb/reset_interface.c.o
 .text.tud_descriptor_bos_cb
                0x10003fd8        0x8 CMakeFiles/w25q128_driver.dir/Users/thetragedyofdarthwise/pico/pico-sdk/src/rp2_common/pico_stdio_usb/reset_interface.c.o
                0x10003fd8                tud_descriptor_bos_cb
 .text.tud_vendor_control_xfer_cb
                0x10003fe0       0x34 CMakeFiles/w25q128_driver.dir/Users/thetragedyofdarthwise/pico/pico-sdk/src/rp2_common/pico_stdio_usb/reset_interface.c.o
                0x10003fe0                tud_vendor_control_xfer_cb
 .text.usbd_app_driver_get_cb
                0x10004014        0xc CMakeFiles/w25q128_driver.dir/Users/thetragedyofdarthwise/pico/pico-sdk/src/rp2_common/pico_stdio_usb/reset_interface.c.o
                0x10004014                usbd_app_driver_get_cb
 .text.tud_cdc_line_coding_cb
                0x10004020       0x2c CMakeFiles/w25q128_driver.dir/Users/thetragedyofdarthwise/pico/pico-sdk/src/rp2_common/pico_stdio_usb/reset_interface.c.o
                0x10004020                tud_cdc_line_coding_cb
 .text.stdio_usb_set_chars_available_callback
                0x1000404c       0x14 CMakeFiles/w25q128_driver.dir/Users/thetragedyofdarthwise/pico/pico-sdk/src/rp2_common/pico_stdio_usb/stdio_usb.c.o
                0x1000404c                stdio_usb_set_chars_available_callback
 .text.usb_irq  0x10004060       0x10 CMakeFiles/w25q128_driver.dir/Users/thetragedyofdarthwise/pico/pico-sdk/src/rp2_common/pico_stdio_usb/stdio_usb.c.o
 .text.timer_task
                0x10004070       0x64 CMakeFiles/w25q128_driver.dir/Users/thetragedyofdarthwise/pico/pico-sdk/src/rp2_common/pico_stdio_usb/stdio_usb.c.o
 .text.stdio_usb_in_chars
                0x100040d4       0x8c CMakeFiles/w25q128_driver.dir/Users/thetragedyofdarthwise/pico/pico-sdk/src/rp2_common/pico_stdio_usb/stdio_usb.c.o
                0x100040d4                stdio_usb_in_chars
 .text.stdio_usb_out_flush
                0x10004160       0x4c CMakeFiles/w25q128_driver.dir/Users/thetragedyofdarthwise/pico/pico-sdk/src/rp2_common/pico_stdio_usb/stdio_usb.c.o
 .text.stdio_usb_out_chars
                0x100041ac      0x100 CMakeFiles/w25q128_driver.dir/Users/thetragedyofdarthwise/pico/pico-sdk/src/rp2_common/pico_stdio_usb/stdio_usb.c.o
 .text.low_priority_worker_irq
                0x100042ac       0xc8 CMakeFiles/w25q128_driver.dir/Users/thetragedyofdarthwise/pico/pico-sdk/src/rp2_common/pico_stdio_usb/stdio_usb.c.o
 .text.stdio_usb_init
                0x10004374       0xe4 CMakeFiles/w25q128_driver.dir/Users/thetragedyofdarthwise/pico/pico-sdk/src/rp2_common/pico_stdio_usb/stdio_usb.c.o
                0x10004374                stdio_usb_init
 .text.tud_descriptor_device_cb
                0x10004458        0x8 CMakeFiles/w25q128_driver.dir/Users/thetragedyofdarthwise/pico/pico-sdk/src/rp2_common/pico_stdio_usb/stdio_usb_descriptors.c.o
                0x10004458                tud_descriptor_device_cb
 .text.tud_descriptor_configuration_cb
                0x10004460        0x8 CMakeFiles/w25q128_driver.dir/Users/thetragedyofdarthwise/pico/pico-sdk/src/rp2_common/pico_stdio_usb/stdio_usb_descriptors.c.o
                0x10004460                tud_descriptor_configuration_cb
 .text.tud_descriptor_string_cb
                0x10004468       0x78 CMakeFiles/w25q128_driver.dir/Users/thetragedyofdarthwise/pico/pico-sdk/src/rp2_common/pico_stdio_usb/stdio_usb_descriptors.c.o
                0x10004468                tud_descriptor_string_cb
 .text.startup._retrieve_unique_id_on_boot
                0x100044e0       0x10 CMakeFiles/w25q128_driver.dir/Users/thetragedyofdarthwise/pico/pico-sdk/src/rp2_common/pico_unique_id/unique_id.c.o
 .text.pico_get_unique_board_id_string
                0x100044f0      0x1a8 CMakeFiles/w25q128_driver.dir/Users/thetragedyofdarthwise/pico/pico-sdk/src/rp2_common/pico_unique_id/unique_id.c.o
                0x100044f0                pico_get_unique_board_id_string
 .text.flash_get_unique_id
                0x10004698       0x3c CMakeFiles/w25q128_driver.dir/Users/thetragedyofdarthwise/pico/pico-sdk/src/rp2_common/hardware_flash/flash.c.o
                0x10004698                flash_get_unique_id
 .text.dcd_init
                0x100046d4       0x8c CMakeFiles/w25q128_driver.dir/Users/thetragedyofdarthwise/pico/pico-sdk/lib/tinyusb/src/portable/raspberrypi/rp2040/dcd_rp2040.c.o
                0x100046d4                dcd_init
 .text.dcd_int_enable
                0x10004760        0xc CMakeFiles/w25q128_driver.dir/Users/thetragedyofdarthwise/pico/pico-sdk/lib/tinyusb/src/portable/raspberrypi/rp2040/dcd_rp2040.c.o
                0x10004760                dcd_int_enable
 .text.dcd_set_address
                0x1000476c       0x14 CMakeFiles/w25q128_driver.dir/Users/thetragedyofdarthwise/pico/pico-sdk/lib/tinyusb/src/portable/raspberrypi/rp2040/dcd_rp2040.c.o
                0x1000476c                dcd_set_address
 .text.dcd_sof_enable
                0x10004780       0x1c CMakeFiles/w25q128_driver.dir/Users/thetragedyofdarthwise/pico/pico-sdk/lib/tinyusb/src/portable/raspberrypi/rp2040/dcd_rp2040.c.o
                0x10004780                dcd_sof_enable
 .text.dcd_edpt0_status_complete
                0x1000479c       0x1c CMakeFiles/w25q128_driver.dir/Users/thetragedyofdarthwise/pico/pico-sdk/lib/tinyusb/src/portable/raspberrypi/rp2040/dcd_rp2040.c.o
                0x1000479c                dcd_edpt0_status_complete
 .text.dcd_edpt_open
                0x100047b8      0x108 CMakeFiles/w25q128_driver.dir/Users/thetragedyofdarthwise/pico/pico-sdk/lib/tinyusb/src/portable/raspberrypi/rp2040/dcd_rp2040.c.o
                0x100047b8                dcd_edpt_open
 .text.dcd_edpt_close_all
                0x100048c0        0x8 CMakeFiles/w25q128_driver.dir/Users/thetragedyofdarthwise/pico/pico-sdk/lib/tinyusb/src/portable/raspberrypi/rp2040/dcd_rp2040.c.o
                0x100048c0                dcd_edpt_close_all
 .text.dcd_edpt_xfer
                0x100048c8       0x24 CMakeFiles/w25q128_driver.dir/Users/thetragedyofdarthwise/pico/pico-sdk/lib/tinyusb/src/portable/raspberrypi/rp2040/dcd_rp2040.c.o
                0x100048c8                dcd_edpt_xfer
 .text.dcd_edpt_stall
                0x100048ec       0x3c CMakeFiles/w25q128_driver.dir/Users/thetragedyofdarthwise/pico/pico-sdk/lib/tinyusb/src/portable/raspberrypi/rp2040/dcd_rp2040.c.o
                0x100048ec                dcd_edpt_stall
 .text.dcd_edpt_clear_stall
                0x10004928       0x30 CMakeFiles/w25q128_driver.dir/Users/thetragedyofdarthwise/pico/pico-sdk/lib/tinyusb/src/portable/raspberrypi/rp2040/dcd_rp2040.c.o
                0x10004928                dcd_edpt_clear_stall
 .text.rp2040_usb_init
                0x10004958       0x40 CMakeFiles/w25q128_driver.dir/Users/thetragedyofdarthwise/pico/pico-sdk/lib/tinyusb/src/portable/raspberrypi/rp2040/rp2040_usb.c.o
                0x10004958                rp2040_usb_init
 .text.hw_endpoint_xfer_start
                0x10004998       0x40 CMakeFiles/w25q128_driver.dir/Users/thetragedyofdarthwise/pico/pico-sdk/lib/tinyusb/src/portable/raspberrypi/rp2040/rp2040_usb.c.o
                0x10004998                hw_endpoint_xfer_start
 .text.tud_event_hook_cb
                0x100049d8        0x4 CMakeFiles/w25q128_driver.dir/Users/thetragedyofdarthwise/pico/pico-sdk/lib/tinyusb/src/device/usbd.c.o
                0x100049d8                tud_event_hook_cb
 .text.tud_sof_cb
                0x100049dc        0x4 CMakeFiles/w25q128_driver.dir/Users/thetragedyofdarthwise/pico/pico-sdk/lib/tinyusb/src/device/usbd.c.o
                0x100049dc                tud_sof_cb
 .text.tud_descriptor_device_qualifier_cb
                0x100049e0        0x4 CMakeFiles/w25q128_driver.dir/Users/thetragedyofdarthwise/pico/pico-sdk/lib/tinyusb/src/device/usbd.c.o
                0x100049e0                tud_descriptor_device_qualifier_cb
 .text.tud_descriptor_other_speed_configuration_cb
                0x100049e4        0x4 CMakeFiles/w25q128_driver.dir/Users/thetragedyofdarthwise/pico/pico-sdk/lib/tinyusb/src/device/usbd.c.o
                0x100049e4                tud_descriptor_other_speed_configuration_cb
 .text.tud_mount_cb
                0x100049e8        0x4 CMakeFiles/w25q128_driver.dir/Users/thetragedyofdarthwise/pico/pico-sdk/lib/tinyusb/src/device/usbd.c.o
                0x100049e8                tud_mount_cb
 .text.tud_umount_cb
                0x100049ec        0x4 CMakeFiles/w25q128_driver.dir/Users/thetragedyofdarthwise/pico/pico-sdk/lib/tinyusb/src/device/usbd.c.o
                0x100049ec                tud_umount_cb
 .text.tud_suspend_cb
                0x100049f0        0x4 CMakeFiles/w25q128_driver.dir/Users/thetragedyofdarthwise/pico/pico-sdk/lib/tinyusb/src/device/usbd.c.o
                0x100049f0                tud_suspend_cb
 .text.tud_resume_cb
                0x100049f4        0x4 CMakeFiles/w25q128_driver.dir/Users/thetragedyofdarthwise/pico/pico-sdk/lib/tinyusb/src/device/usbd.c.o
                0x100049f4                tud_resume_cb
 .text.tud_mounted
                0x100049f8       0x10 CMakeFiles/w25q128_driver.dir/Users/thetragedyofdarthwise/pico/pico-sdk/lib/tinyusb/src/device/usbd.c.o
                0x100049f8                tud_mounted
 .text.tud_suspended
                0x10004a08       0x10 CMakeFiles/w25q128_driver.dir/Users/thetragedyofdarthwise/pico/pico-sdk/lib/tinyusb/src/device/usbd.c.o
                0x10004a08                tud_suspended
 .text.tud_init
                0x10004a18       0xe0 CMakeFiles/w25q128_driver.dir/Users/thetragedyofdarthwise/pico/pico-sdk/lib/tinyusb/src/device/usbd.c.o
                0x10004a18                tud_init
 .text.tud_task_ext
                0x10004af8      0x800 CMakeFiles/w25q128_driver.dir/Users/thetragedyofdarthwise/pico/pico-sdk/lib/tinyusb/src/device/usbd.c.o
                0x10004af8                tud_task_ext
 .text.usbd_open_edpt_pair
                0x100052f8       0x9c CMakeFiles/w25q128_driver.dir/Users/thetragedyofdarthwise/pico/pico-sdk/lib/tinyusb/src/device/usbd.c.o
                0x100052f8                usbd_open_edpt_pair
 .text.usbd_edpt_open
                0x10005394       0x34 CMakeFiles/w25q128_driver.dir/Users/thetragedyofdarthwise/pico/pico-sdk/lib/tinyusb/src/device/usbd.c.o
                0x10005394                usbd_edpt_open
 .text.usbd_edpt_claim
                0x100053c8       0x28 CMakeFiles/w25q128_driver.dir/Users/thetragedyofdarthwise/pico/pico-sdk/lib/tinyusb/src/device/usbd.c.o
                0x100053c8                usbd_edpt_claim
 .text.usbd_edpt_release
                0x100053f0       0x28 CMakeFiles/w25q128_driver.dir/Users/thetragedyofdarthwise/pico/pico-sdk/lib/tinyusb/src/device/usbd.c.o
                0x100053f0                usbd_edpt_release
 .text.usbd_edpt_xfer
                0x10005418       0x4c CMakeFiles/w25q128_driver.dir/Users/thetragedyofdarthwise/pico/pico-sdk/lib/tinyusb/src/device/usbd.c.o
                0x10005418                usbd_edpt_xfer
 .text.tud_control_status
                0x10005464       0x2c CMakeFiles/w25q128_driver.dir/Users/thetragedyofdarthwise/pico/pico-sdk/lib/tinyusb/src/device/usbd_control.c.o
                0x10005464                tud_control_status
 .text.tud_control_xfer
                0x10005490       0xa8 CMakeFiles/w25q128_driver.dir/Users/thetragedyofdarthwise/pico/pico-sdk/lib/tinyusb/src/device/usbd_control.c.o
                0x10005490                tud_control_xfer
 .text.usbd_control_reset
                0x10005538       0x14 CMakeFiles/w25q128_driver.dir/Users/thetragedyofdarthwise/pico/pico-sdk/lib/tinyusb/src/device/usbd_control.c.o
                0x10005538                usbd_control_reset
 .text.usbd_control_set_complete_callback
                0x1000554c        0xc CMakeFiles/w25q128_driver.dir/Users/thetragedyofdarthwise/pico/pico-sdk/lib/tinyusb/src/device/usbd_control.c.o
                0x1000554c                usbd_control_set_complete_callback
 .text.usbd_control_set_request
                0x10005558       0x1c CMakeFiles/w25q128_driver.dir/Users/thetragedyofdarthwise/pico/pico-sdk/lib/tinyusb/src/device/usbd_control.c.o
                0x10005558                usbd_control_set_request
 .text.usbd_control_xfer_cb
                0x10005574       0xec CMakeFiles/w25q128_driver.dir/Users/thetragedyofdarthwise/pico/pico-sdk/lib/tinyusb/src/device/usbd_control.c.o
                0x10005574                usbd_control_xfer_cb
 .text._prep_out_transaction.isra.0
                0x10005660       0x5c CMakeFiles/w25q128_driver.dir/Users/thetragedyofdarthwise/pico/pico-sdk/lib/tinyusb/src/class/cdc/cdc_device.c.o
 .text.tud_cdc_n_connected
                0x100056bc       0x30 CMakeFiles/w25q128_driver.dir/Users/thetragedyofdarthwise/pico/pico-sdk/lib/tinyusb/src/class/cdc/cdc_device.c.o
                0x100056bc                tud_cdc_n_connected
 .text.tud_cdc_n_available
                0x100056ec       0x18 CMakeFiles/w25q128_driver.dir/Users/thetragedyofdarthwise/pico/pico-sdk/lib/tinyusb/src/class/cdc/cdc_device.c.o
                0x100056ec                tud_cdc_n_available
 .text.tud_cdc_n_read
                0x10005704       0x9c CMakeFiles/w25q128_driver.dir/Users/thetragedyofdarthwise/pico/pico-sdk/lib/tinyusb/src/class/cdc/cdc_device.c.o
                0x10005704                tud_cdc_n_read
 .text.tud_cdc_n_write_flush
                0x100057a0       0x78 CMakeFiles/w25q128_driver.dir/Users/thetragedyofdarthwise/pico/pico-sdk/lib/tinyusb/src/class/cdc/cdc_device.c.o
                0x100057a0                tud_cdc_n_write_flush
 .text.tud_cdc_n_write
                0x10005818       0x40 CMakeFiles/w25q128_driver.dir/Users/thetragedyofdarthwise/pico/pico-sdk/lib/tinyusb/src/class/cdc/cdc_device.c.o
                0x10005818                tud_cdc_n_write
 .text.tud_cdc_n_write_available
                0x10005858       0x18 CMakeFiles/w25q128_driver.dir/Users/thetragedyofdarthwise/pico/pico-sdk/lib/tinyusb/src/class/cdc/cdc_device.c.o
                0x10005858                tud_cdc_n_write_available
 .text.cdcd_init
                0x10005870       0x7c CMakeFiles/w25q128_driver.dir/Users/thetragedyofdarthwise/pico/pico-sdk/lib/tinyusb/src/class/cdc/cdc_device.c.o
                0x10005870                cdcd_init
 .text.cdcd_deinit
                0x100058ec       0x30 CMakeFiles/w25q128_driver.dir/Users/thetragedyofdarthwise/pico/pico-sdk/lib/tinyusb/src/class/cdc/cdc_device.c.o
                0x100058ec                cdcd_deinit
 .text.cdcd_reset
                0x1000591c       0x4c CMakeFiles/w25q128_driver.dir/Users/thetragedyofdarthwise/pico/pico-sdk/lib/tinyusb/src/class/cdc/cdc_device.c.o
                0x1000591c                cdcd_reset
 .text.cdcd_open
                0x10005968       0xb0 CMakeFiles/w25q128_driver.dir/Users/thetragedyofdarthwise/pico/pico-sdk/lib/tinyusb/src/class/cdc/cdc_device.c.o
                0x10005968                cdcd_open
 .text.cdcd_control_xfer_cb
                0x10005a18       0xe4 CMakeFiles/w25q128_driver.dir/Users/thetragedyofdarthwise/pico/pico-sdk/lib/tinyusb/src/class/cdc/cdc_device.c.o
                0x10005a18                cdcd_control_xfer_cb
 .text.cdcd_xfer_cb
                0x10005afc      0x100 CMakeFiles/w25q128_driver.dir/Users/thetragedyofdarthwise/pico/pico-sdk/lib/tinyusb/src/class/cdc/cdc_device.c.o
                0x10005afc                cdcd_xfer_cb
 .text.vendord_init
                0x10005bfc       0x5c CMakeFiles/w25q128_driver.dir/Users/thetragedyofdarthwise/pico/pico-sdk/lib/tinyusb/src/class/vendor/vendor_device.c.o
                0x10005bfc                vendord_init
 .text.vendord_deinit
                0x10005c58       0x1c CMakeFiles/w25q128_driver.dir/Users/thetragedyofdarthwise/pico/pico-sdk/lib/tinyusb/src/class/vendor/vendor_device.c.o
                0x10005c58                vendord_deinit
 .text.vendord_reset
                0x10005c74       0x20 CMakeFiles/w25q128_driver.dir/Users/thetragedyofdarthwise/pico/pico-sdk/lib/tinyusb/src/class/vendor/vendor_device.c.o
                0x10005c74                vendord_reset
 .text.vendord_open
                0x10005c94      0x128 CMakeFiles/w25q128_driver.dir/Users/thetragedyofdarthwise/pico/pico-sdk/lib/tinyusb/src/class/vendor/vendor_device.c.o
                0x10005c94                vendord_open
 .text.vendord_xfer_cb
                0x10005dbc       0x9c CMakeFiles/w25q128_driver.dir/Users/thetragedyofdarthwise/pico/pico-sdk/lib/tinyusb/src/class/vendor/vendor_device.c.o
                0x10005dbc                vendord_xfer_cb
 .text.tusb_init
                0x10005e58        0xc CMakeFiles/w25q128_driver.dir/Users/thetragedyofdarthwise/pico/pico-sdk/lib/tinyusb/src/tusb.c.o
                0x10005e58                tusb_init
 .text.tu_edpt_claim
                0x10005e64       0x50 CMakeFiles/w25q128_driver.dir/Users/thetragedyofdarthwise/pico/pico-sdk/lib/tinyusb/src/tusb.c.o
                0x10005e64                tu_edpt_claim
 .text.tu_edpt_release
                0x10005eb4       0x38 CMakeFiles/w25q128_driver.dir/Users/thetragedyofdarthwise/pico/pico-sdk/lib/tinyusb/src/tusb.c.o
                0x10005eb4                tu_edpt_release
 .text.tu_edpt_validate
                0x10005eec       0x7c CMakeFiles/w25q128_driver.dir/Users/thetragedyofdarthwise/pico/pico-sdk/lib/tinyusb/src/tusb.c.o
                0x10005eec                tu_edpt_validate
 .text.tu_edpt_bind_driver
                0x10005f68       0x34 CMakeFiles/w25q128_driver.dir/Users/thetragedyofdarthwise/pico/pico-sdk/lib/tinyusb/src/tusb.c.o
                0x10005f68                tu_edpt_bind_driver
 .text.tu_edpt_stream_init
                0x10005f9c       0x6c CMakeFiles/w25q128_driver.dir/Users/thetragedyofdarthwise/pico/pico-sdk/lib/tinyusb/src/tusb.c.o
                0x10005f9c                tu_edpt_stream_init
 .text.tu_edpt_stream_deinit
                0x10006008        0x4 CMakeFiles/w25q128_driver.dir/Users/thetragedyofdarthwise/pico/pico-sdk/lib/tinyusb/src/tusb.c.o
                0x10006008                tu_edpt_stream_deinit
 .text.tu_edpt_stream_write_zlp_if_needed
                0x1000600c       0x68 CMakeFiles/w25q128_driver.dir/Users/thetragedyofdarthwise/pico/pico-sdk/lib/tinyusb/src/tusb.c.o
                0x1000600c                tu_edpt_stream_write_zlp_if_needed
 .text.tu_edpt_stream_write_xfer
                0x10006074       0x68 CMakeFiles/w25q128_driver.dir/Users/thetragedyofdarthwise/pico/pico-sdk/lib/tinyusb/src/tusb.c.o
                0x10006074                tu_edpt_stream_write_xfer
 .text.tu_edpt_stream_read_xfer
                0x100060dc       0xd8 CMakeFiles/w25q128_driver.dir/Users/thetragedyofdarthwise/pico/pico-sdk/lib/tinyusb/src/tusb.c.o
                0x100060dc                tu_edpt_stream_read_xfer
 .text.tu_fifo_config
                0x100061b4       0x6c CMakeFiles/w25q128_driver.dir/Users/thetragedyofdarthwise/pico/pico-sdk/lib/tinyusb/src/common/tusb_fifo.c.o
                0x100061b4                tu_fifo_config
 .text.tu_fifo_count
                0x10006220       0x2c CMakeFiles/w25q128_driver.dir/Users/thetragedyofdarthwise/pico/pico-sdk/lib/tinyusb/src/common/tusb_fifo.c.o
                0x10006220                tu_fifo_count
 .text.tu_fifo_empty
                0x1000624c       0x10 CMakeFiles/w25q128_driver.dir/Users/thetragedyofdarthwise/pico/pico-sdk/lib/tinyusb/src/common/tusb_fifo.c.o
                0x1000624c                tu_fifo_empty
 .text.tu_fifo_remaining
                0x1000625c       0x2c CMakeFiles/w25q128_driver.dir/Users/thetragedyofdarthwise/pico/pico-sdk/lib/tinyusb/src/common/tusb_fifo.c.o
                0x1000625c                tu_fifo_remaining
 .text.tu_fifo_read
                0x10006288       0x9c CMakeFiles/w25q128_driver.dir/Users/thetragedyofdarthwise/pico/pico-sdk/lib/tinyusb/src/common/tusb_fifo.c.o
                0x10006288                tu_fifo_read
 .text.tu_fifo_read_n
                0x10006324       0xe8 CMakeFiles/w25q128_driver.dir/Users/thetragedyofdarthwise/pico/pico-sdk/lib/tinyusb/src/common/tusb_fifo.c.o
                0x10006324                tu_fifo_read_n
 .text.tu_fifo_write
                0x1000640c       0xa4 CMakeFiles/w25q128_driver.dir/Users/thetragedyofdarthwise/pico/pico-sdk/lib/tinyusb/src/common/tusb_fifo.c.o
                0x1000640c                tu_fifo_write
 .text.tu_fifo_write_n
                0x100064b0      0x178 CMakeFiles/w25q128_driver.dir/Users/thetragedyofdarthwise/pico/pico-sdk/lib/tinyusb/src/common/tusb_fifo.c.o
                0x100064b0                tu_fifo_write_n
 .text.tu_fifo_clear
                0x10006628       0x40 CMakeFiles/w25q128_driver.dir/Users/thetragedyofdarthwise/pico/pico-sdk/lib/tinyusb/src/common/tusb_fifo.c.o
                0x10006628                tu_fifo_clear
 .text.tu_fifo_set_overwritable
                0x10006668       0x48 CMakeFiles/w25q128_driver.dir/Users/thetragedyofdarthwise/pico/pico-sdk/lib/tinyusb/src/common/tusb_fifo.c.o
                0x10006668                tu_fifo_set_overwritable
 .text._calloc_r
                0x100066b0       0xa8 /Applications/ArmGNUToolchain/14.2.rel1/arm-none-eabi/bin/../lib/gcc/arm-none-eabi/14.2.1/../../../../arm-none-eabi/lib/thumb/v6-m/nofp/libg.a(libc_a-callocr.o)
                0x100066b0                _calloc_r
 .text.malloc   0x10006758       0x14 /Applications/ArmGNUToolchain/14.2.rel1/arm-none-eabi/bin/../lib/gcc/arm-none-eabi/14.2.1/../../../../arm-none-eabi/lib/thumb/v6-m/nofp/libg.a(libc_a-malloc.o)
                0x10006758                malloc
 .text.free     0x1000676c       0x14 /Applications/ArmGNUToolchain/14.2.rel1/arm-none-eabi/bin/../lib/gcc/arm-none-eabi/14.2.1/../../../../arm-none-eabi/lib/thumb/v6-m/nofp/libg.a(libc_a-malloc.o)
                0x1000676c                free
 .text._malloc_r
                0x10006780      0x5cc /Applications/ArmGNUToolchain/14.2.rel1/arm-none-eabi/bin/../lib/gcc/arm-none-eabi/14.2.1/../../../../arm-none-eabi/lib/thumb/v6-m/nofp/libg.a(libc_a-mallocr.o)
                0x10006780                _malloc_r
 .text.__malloc_lock
                0x10006d4c       0x10 /Applications/ArmGNUToolchain/14.2.rel1/arm-none-eabi/bin/../lib/gcc/arm-none-eabi/14.2.1/../../../../arm-none-eabi/lib/thumb/v6-m/nofp/libg.a(libc_a-mlock.o)
                0x10006d4c                __malloc_lock
 .text.__malloc_unlock
                0x10006d5c       0x10 /Applications/ArmGNUToolchain/14.2.rel1/arm-none-eabi/bin/../lib/gcc/arm-none-eabi/14.2.1/../../../../arm-none-eabi/lib/thumb/v6-m/nofp/libg.a(libc_a-mlock.o)
                0x10006d5c                __malloc_unlock
 .text.realloc  0x10006d6c       0x18 /Applications/ArmGNUToolchain/14.2.rel1/arm-none-eabi/bin/../lib/gcc/arm-none-eabi/14.2.1/../../../../arm-none-eabi/lib/thumb/v6-m/nofp/libg.a(libc_a-realloc.o)
                0x10006d6c                realloc
 .text._realloc_r
                0x10006d84      0x350 /Applications/ArmGNUToolchain/14.2.rel1/arm-none-eabi/bin/../lib/gcc/arm-none-eabi/14.2.1/../../../../arm-none-eabi/lib/thumb/v6-m/nofp/libg.a(libc_a-reallocr.o)
                0x10006d84                _realloc_r
 .text.scanf    0x100070d4       0x24 /Applications/ArmGNUToolchain/14.2.rel1/arm-none-eabi/bin/../lib/gcc/arm-none-eabi/14.2.1/../../../../arm-none-eabi/lib/thumb/v6-m/nofp/libg.a(libc_a-scanf.o)
                0x100070d4                scanf
 .text.memmove  0x100070f8       0xc4 /Applications/ArmGNUToolchain/14.2.rel1/arm-none-eabi/bin/../lib/gcc/arm-none-eabi/14.2.1/../../../../arm-none-eabi/lib/thumb/v6-m/nofp/libg.a(libc_a-memmove.o)
                0x100070f8                memmove
 .text._sbrk_r  0x100071bc       0x24 /Applications/ArmGNUToolchain/14.2.rel1/arm-none-eabi/bin/../lib/gcc/arm-none-eabi/14.2.1/../../../../arm-none-eabi/lib/thumb/v6-m/nofp/libg.a(libc_a-sbrkr.o)
                0x100071bc                _sbrk_r
 .text.__errno  0x100071e0        0xc /Applications/ArmGNUToolchain/14.2.rel1/arm-none-eabi/bin/../lib/gcc/arm-none-eabi/14.2.1/../../../../arm-none-eabi/lib/thumb/v6-m/nofp/libg.a(libc_a-errno.o)
                0x100071e0                __errno
 .text.sysconf  0x100071ec       0x1c /Applications/ArmGNUToolchain/14.2.rel1/arm-none-eabi/bin/../lib/gcc/arm-none-eabi/14.2.1/../../../../arm-none-eabi/lib/thumb/v6-m/nofp/libg.a(libc_a-sysconf.o)
                0x100071ec                sysconf
 .text          0x10007208       0x88 /Applications/ArmGNUToolchain/14.2.rel1/arm-none-eabi/bin/../lib/gcc/arm-none-eabi/14.2.1/../../../../arm-none-eabi/lib/thumb/v6-m/nofp/libg.a(libc_a-strcmp.o)
                0x10007208                strcmp
 .text.__retarget_lock_init_recursive
                0x10007290        0x4 /Applications/ArmGNUToolchain/14.2.rel1/arm-none-eabi/bin/../lib/gcc/arm-none-eabi/14.2.1/../../../../arm-none-eabi/lib/thumb/v6-m/nofp/libg.a(libc_a-lock.o)
                0x10007290                __retarget_lock_init_recursive
 .text.__retarget_lock_close_recursive
                0x10007294        0x4 /Applications/ArmGNUToolchain/14.2.rel1/arm-none-eabi/bin/../lib/gcc/arm-none-eabi/14.2.1/../../../../arm-none-eabi/lib/thumb/v6-m/nofp/libg.a(libc_a-lock.o)
                0x10007294                __retarget_lock_close_recursive
 .text.__retarget_lock_acquire_recursive
                0x10007298        0x4 /Applications/ArmGNUToolchain/14.2.rel1/arm-none-eabi/bin/../lib/gcc/arm-none-eabi/14.2.1/../../../../arm-none-eabi/lib/thumb/v6-m/nofp/libg.a(libc_a-lock.o)
                0x10007298                __retarget_lock_acquire_recursive
 .text.__retarget_lock_release_recursive
                0x1000729c        0x4 /Applications/ArmGNUToolchain/14.2.rel1/arm-none-eabi/bin/../lib/gcc/arm-none-eabi/14.2.1/../../../../arm-none-eabi/lib/thumb/v6-m/nofp/libg.a(libc_a-lock.o)
                0x1000729c                __retarget_lock_release_recursive
 .text.strlen   0x100072a0       0x5c /Applications/ArmGNUToolchain/14.2.rel1/arm-none-eabi/bin/../lib/gcc/arm-none-eabi/14.2.1/../../../../arm-none-eabi/lib/thumb/v6-m/nofp/libg.a(libc_a-strlen-stub.o)
                0x100072a0                strlen
 .text._malloc_trim_r
                0x100072fc       0xb4 /Applications/ArmGNUToolchain/14.2.rel1/arm-none-eabi/bin/../lib/gcc/arm-none-eabi/14.2.1/../../../../arm-none-eabi/lib/thumb/v6-m/nofp/libg.a(libc_a-freer.o)
                0x100072fc                _malloc_trim_r
 .text._free_r  0x100073b0      0x1f0 /Applications/ArmGNUToolchain/14.2.rel1/arm-none-eabi/bin/../lib/gcc/arm-none-eabi/14.2.1/../../../../arm-none-eabi/lib/thumb/v6-m/nofp/libg.a(libc_a-freer.o)
                0x100073b0                _free_r
 .text.__svfscanf_r
                0x100075a0     0x1a18 /Applications/ArmGNUToolchain/14.2.rel1/arm-none-eabi/bin/../lib/gcc/arm-none-eabi/14.2.1/../../../../arm-none-eabi/lib/thumb/v6-m/nofp/libg.a(libc_a-vfscanf.o)
                0x100075a0                __svfscanf_r
 .text._vfscanf_r
                0x10008fb8       0x28 /Applications/ArmGNUToolchain/14.2.rel1/arm-none-eabi/bin/../lib/gcc/arm-none-eabi/14.2.1/../../../../arm-none-eabi/lib/thumb/v6-m/nofp/libg.a(libc_a-vfscanf.o)
                0x10008fb8                _vfscanf_r
 .text.sulp     0x10008fe0       0x30 /Applications/ArmGNUToolchain/14.2.rel1/arm-none-eabi/bin/../lib/gcc/arm-none-eabi/14.2.1/../../../../arm-none-eabi/lib/thumb/v6-m/nofp/libg.a(libc_a-strtod.o)
 .text._strtod_l
                0x10009010      0xfdc /Applications/ArmGNUToolchain/14.2.rel1/arm-none-eabi/bin/../lib/gcc/arm-none-eabi/14.2.1/../../../../arm-none-eabi/lib/thumb/v6-m/nofp/libg.a(libc_a-strtod.o)
                0x10009010                _strtod_l
 .text._strtod_r
                0x10009fec       0x10 /Applications/ArmGNUToolchain/14.2.rel1/arm-none-eabi/bin/../lib/gcc/arm-none-eabi/14.2.1/../../../../arm-none-eabi/lib/thumb/v6-m/nofp/libg.a(libc_a-strtod.o)
                0x10009fec                _strtod_r
 .text._strtol_l.isra.0
                0x10009ffc      0x158 /Applications/ArmGNUToolchain/14.2.rel1/arm-none-eabi/bin/../lib/gcc/arm-none-eabi/14.2.1/../../../../arm-none-eabi/lib/thumb/v6-m/nofp/libg.a(libc_a-strtol.o)
 .text._strtol_r
                0x1000a154        0x8 /Applications/ArmGNUToolchain/14.2.rel1/arm-none-eabi/bin/../lib/gcc/arm-none-eabi/14.2.1/../../../../arm-none-eabi/lib/thumb/v6-m/nofp/libg.a(libc_a-strtol.o)
                0x1000a154                _strtol_r
 .text._strtoul_l.isra.0
                0x1000a15c      0x144 /Applications/ArmGNUToolchain/14.2.rel1/arm-none-eabi/bin/../lib/gcc/arm-none-eabi/14.2.1/../../../../arm-none-eabi/lib/thumb/v6-m/nofp/libg.a(libc_a-strtoul.o)
 .text._strtoul_r
                0x1000a2a0        0x8 /Applications/ArmGNUToolchain/14.2.rel1/arm-none-eabi/bin/../lib/gcc/arm-none-eabi/14.2.1/../../../../arm-none-eabi/lib/thumb/v6-m/nofp/libg.a(libc_a-strtoul.o)
                0x1000a2a0                _strtoul_r
 .text.lflush   0x1000a2a8       0x20 /Applications/ArmGNUToolchain/14.2.rel1/arm-none-eabi/bin/../lib/gcc/arm-none-eabi/14.2.1/../../../../arm-none-eabi/lib/thumb/v6-m/nofp/libg.a(libc_a-refill.o)
 .text.__srefill_r
                0x1000a2c8      0x100 /Applications/ArmGNUToolchain/14.2.rel1/arm-none-eabi/bin/../lib/gcc/arm-none-eabi/14.2.1/../../../../arm-none-eabi/lib/thumb/v6-m/nofp/libg.a(libc_a-refill.o)
                0x1000a2c8                __srefill_r
 .text.__sccl   0x1000a3c8       0x80 /Applications/ArmGNUToolchain/14.2.rel1/arm-none-eabi/bin/../lib/gcc/arm-none-eabi/14.2.1/../../../../arm-none-eabi/lib/thumb/v6-m/nofp/libg.a(libc_a-sccl.o)
                0x1000a3c8                __sccl
 .text.__sflush_r
                0x1000a448      0x13c /Applications/ArmGNUToolchain/14.2.rel1/arm-none-eabi/bin/../lib/gcc/arm-none-eabi/14.2.1/../../../../arm-none-eabi/lib/thumb/v6-m/nofp/libg.a(libc_a-fflush.o)
                0x1000a448                __sflush_r
 .text._fflush_r
                0x1000a584       0x68 /Applications/ArmGNUToolchain/14.2.rel1/arm-none-eabi/bin/../lib/gcc/arm-none-eabi/14.2.1/../../../../arm-none-eabi/lib/thumb/v6-m/nofp/libg.a(libc_a-fflush.o)
                0x1000a584                _fflush_r
 .text.__sread  0x1000a5ec       0x28 /Applications/ArmGNUToolchain/14.2.rel1/arm-none-eabi/bin/../lib/gcc/arm-none-eabi/14.2.1/../../../../arm-none-eabi/lib/thumb/v6-m/nofp/libg.a(libc_a-stdio.o)
                0x1000a5ec                __sread
 .text.__swrite
                0x1000a614       0x40 /Applications/ArmGNUToolchain/14.2.rel1/arm-none-eabi/bin/../lib/gcc/arm-none-eabi/14.2.1/../../../../arm-none-eabi/lib/thumb/v6-m/nofp/libg.a(libc_a-stdio.o)
                0x1000a614                __swrite
 .text.__sseek  0x1000a654       0x2c /Applications/ArmGNUToolchain/14.2.rel1/arm-none-eabi/bin/../lib/gcc/arm-none-eabi/14.2.1/../../../../arm-none-eabi/lib/thumb/v6-m/nofp/libg.a(libc_a-stdio.o)
                0x1000a654                __sseek
 .text.__sclose
                0x1000a680        0xc /Applications/ArmGNUToolchain/14.2.rel1/arm-none-eabi/bin/../lib/gcc/arm-none-eabi/14.2.1/../../../../arm-none-eabi/lib/thumb/v6-m/nofp/libg.a(libc_a-stdio.o)
                0x1000a680                __sclose
 .text.stdio_exit_handler
                0x1000a68c       0x1c /Applications/ArmGNUToolchain/14.2.rel1/arm-none-eabi/bin/../lib/gcc/arm-none-eabi/14.2.1/../../../../arm-none-eabi/lib/thumb/v6-m/nofp/libg.a(libc_a-findfp.o)
 .text.cleanup_stdio
                0x1000a6a8       0x3c /Applications/ArmGNUToolchain/14.2.rel1/arm-none-eabi/bin/../lib/gcc/arm-none-eabi/14.2.1/../../../../arm-none-eabi/lib/thumb/v6-m/nofp/libg.a(libc_a-findfp.o)
 .text.global_stdio_init.part.0
                0x1000a6e4      0x118 /Applications/ArmGNUToolchain/14.2.rel1/arm-none-eabi/bin/../lib/gcc/arm-none-eabi/14.2.1/../../../../arm-none-eabi/lib/thumb/v6-m/nofp/libg.a(libc_a-findfp.o)
 .text.__sinit  0x1000a7fc       0x38 /Applications/ArmGNUToolchain/14.2.rel1/arm-none-eabi/bin/../lib/gcc/arm-none-eabi/14.2.1/../../../../arm-none-eabi/lib/thumb/v6-m/nofp/libg.a(libc_a-findfp.o)
                0x1000a7fc                __sinit
 .text.__sfp_lock_acquire
                0x1000a834       0x10 /Applications/ArmGNUToolchain/14.2.rel1/arm-none-eabi/bin/../lib/gcc/arm-none-eabi/14.2.1/../../../../arm-none-eabi/lib/thumb/v6-m/nofp/libg.a(libc_a-findfp.o)
                0x1000a834                __sfp_lock_acquire
 .text.__sfp_lock_release
                0x1000a844       0x10 /Applications/ArmGNUToolchain/14.2.rel1/arm-none-eabi/bin/../lib/gcc/arm-none-eabi/14.2.1/../../../../arm-none-eabi/lib/thumb/v6-m/nofp/libg.a(libc_a-findfp.o)
                0x1000a844                __sfp_lock_release
 .text.__submore
                0x1000a854       0x84 /Applications/ArmGNUToolchain/14.2.rel1/arm-none-eabi/bin/../lib/gcc/arm-none-eabi/14.2.1/../../../../arm-none-eabi/lib/thumb/v6-m/nofp/libg.a(libc_a-ungetc.o)
                0x1000a854                __submore
 .text._ungetc_r
                0x1000a8d8      0x134 /Applications/ArmGNUToolchain/14.2.rel1/arm-none-eabi/bin/../lib/gcc/arm-none-eabi/14.2.1/../../../../arm-none-eabi/lib/thumb/v6-m/nofp/libg.a(libc_a-ungetc.o)
                0x1000a8d8                _ungetc_r
 .text._fread_r
                0x1000aa0c      0x1f8 /Applications/ArmGNUToolchain/14.2.rel1/arm-none-eabi/bin/../lib/gcc/arm-none-eabi/14.2.1/../../../../arm-none-eabi/lib/thumb/v6-m/nofp/libg.a(libc_a-fread.o)
                0x1000aa0c                _fread_r
 .text.strncmp  0x1000ac04       0x68 /Applications/ArmGNUToolchain/14.2.rel1/arm-none-eabi/bin/../lib/gcc/arm-none-eabi/14.2.1/../../../../arm-none-eabi/lib/thumb/v6-m/nofp/libg.a(libc_a-strncmp.o)
                0x1000ac04                strncmp
 .text.stpncpy  0x1000ac6c       0x74 /Applications/ArmGNUToolchain/14.2.rel1/arm-none-eabi/bin/../lib/gcc/arm-none-eabi/14.2.1/../../../../arm-none-eabi/lib/thumb/v6-m/nofp/libg.a(libc_a-stpncpy.o)
                0x1000ac6c                stpncpy
 .text.__locale_mb_cur_max
                0x1000ace0       0x10 /Applications/ArmGNUToolchain/14.2.rel1/arm-none-eabi/bin/../lib/gcc/arm-none-eabi/14.2.1/../../../../arm-none-eabi/lib/thumb/v6-m/nofp/libg.a(libc_a-locale.o)
                0x1000ace0                __locale_mb_cur_max
 .text._localeconv_r
                0x1000acf0        0x8 /Applications/ArmGNUToolchain/14.2.rel1/arm-none-eabi/bin/../lib/gcc/arm-none-eabi/14.2.1/../../../../arm-none-eabi/lib/thumb/v6-m/nofp/libg.a(libc_a-localeconv.o)
                0x1000acf0                _localeconv_r
 .text._close_r
                0x1000acf8       0x24 /Applications/ArmGNUToolchain/14.2.rel1/arm-none-eabi/bin/../lib/gcc/arm-none-eabi/14.2.1/../../../../arm-none-eabi/lib/thumb/v6-m/nofp/libg.a(libc_a-closer.o)
                0x1000acf8                _close_r
 .text._lseek_r
                0x1000ad1c       0x28 /Applications/ArmGNUToolchain/14.2.rel1/arm-none-eabi/bin/../lib/gcc/arm-none-eabi/14.2.1/../../../../arm-none-eabi/lib/thumb/v6-m/nofp/libg.a(libc_a-lseekr.o)
                0x1000ad1c                _lseek_r
 .text._read_r  0x1000ad44       0x28 /Applications/ArmGNUToolchain/14.2.rel1/arm-none-eabi/bin/../lib/gcc/arm-none-eabi/14.2.1/../../../../arm-none-eabi/lib/thumb/v6-m/nofp/libg.a(libc_a-readr.o)
                0x1000ad44                _read_r
 .text._strtoll_l.isra.0
                0x1000ad6c      0x1a0 /Applications/ArmGNUToolchain/14.2.rel1/arm-none-eabi/bin/../lib/gcc/arm-none-eabi/14.2.1/../../../../arm-none-eabi/lib/thumb/v6-m/nofp/libg.a(libc_a-strtoll.o)
 .text._strtoll_r
                0x1000af0c        0x8 /Applications/ArmGNUToolchain/14.2.rel1/arm-none-eabi/bin/../lib/gcc/arm-none-eabi/14.2.1/../../../../arm-none-eabi/lib/thumb/v6-m/nofp/libg.a(libc_a-strtoll.o)
                0x1000af0c                _strtoll_r
 .text._strtoull_l.isra.0
                0x1000af14      0x1c4 /Applications/ArmGNUToolchain/14.2.rel1/arm-none-eabi/bin/../lib/gcc/arm-none-eabi/14.2.1/../../../../arm-none-eabi/lib/thumb/v6-m/nofp/libg.a(libc_a-strtoull.o)
 .text._strtoull_r
                0x1000b0d8        0x8 /Applications/ArmGNUToolchain/14.2.rel1/arm-none-eabi/bin/../lib/gcc/arm-none-eabi/14.2.1/../../../../arm-none-eabi/lib/thumb/v6-m/nofp/libg.a(libc_a-strtoull.o)
                0x1000b0d8                _strtoull_r
 .text._write_r
                0x1000b0e0       0x28 /Applications/ArmGNUToolchain/14.2.rel1/arm-none-eabi/bin/../lib/gcc/arm-none-eabi/14.2.1/../../../../arm-none-eabi/lib/thumb/v6-m/nofp/libg.a(libc_a-writer.o)
                0x1000b0e0                _write_r
 .text._mbrtowc_r
                0x1000b108       0x54 /Applications/ArmGNUToolchain/14.2.rel1/arm-none-eabi/bin/../lib/gcc/arm-none-eabi/14.2.1/../../../../arm-none-eabi/lib/thumb/v6-m/nofp/libg.a(libc_a-mbrtowc.o)
                0x1000b108                _mbrtowc_r
 .text.iswspace
                0x1000b15c        0xc /Applications/ArmGNUToolchain/14.2.rel1/arm-none-eabi/bin/../lib/gcc/arm-none-eabi/14.2.1/../../../../arm-none-eabi/lib/thumb/v6-m/nofp/libg.a(libc_a-iswspace.o)
                0x1000b15c                iswspace
 .text.iswspace_l
                0x1000b168       0x24 /Applications/ArmGNUToolchain/14.2.rel1/arm-none-eabi/bin/../lib/gcc/arm-none-eabi/14.2.1/../../../../arm-none-eabi/lib/thumb/v6-m/nofp/libg.a(libc_a-iswspace_l.o)
                0x1000b168                iswspace_l
 .text.nan      0x1000b18c        0xc /Applications/ArmGNUToolchain/14.2.rel1/arm-none-eabi/bin/../lib/gcc/arm-none-eabi/14.2.1/../../../../arm-none-eabi/lib/thumb/v6-m/nofp/libg.a(libm_a-s_nan.o)
                0x1000b18c                nan
 .text.nanf     0x1000b198        0x8 /Applications/ArmGNUToolchain/14.2.rel1/arm-none-eabi/bin/../lib/gcc/arm-none-eabi/14.2.1/../../../../arm-none-eabi/lib/thumb/v6-m/nofp/libg.a(libm_a-sf_nan.o)
                0x1000b198                nanf
 .text.__jp2uc  0x1000b1a0      0x154 /Applications/ArmGNUToolchain/14.2.rel1/arm-none-eabi/bin/../lib/gcc/arm-none-eabi/14.2.1/../../../../arm-none-eabi/lib/thumb/v6-m/nofp/libg.a(libc_a-jp2uc.o)
 .text._jp2uc_l
                0x1000b2f4       0x68 /Applications/ArmGNUToolchain/14.2.rel1/arm-none-eabi/bin/../lib/gcc/arm-none-eabi/14.2.1/../../../../arm-none-eabi/lib/thumb/v6-m/nofp/libg.a(libc_a-jp2uc.o)
                0x1000b2f4                _jp2uc_l
 .text.category
                0x1000b35c       0x54 /Applications/ArmGNUToolchain/14.2.rel1/arm-none-eabi/bin/../lib/gcc/arm-none-eabi/14.2.1/../../../../arm-none-eabi/lib/thumb/v6-m/nofp/libg.a(libc_a-categories.o)
                0x1000b35c                category
 .text.rshift   0x1000b3b0       0xb0 /Applications/ArmGNUToolchain/14.2.rel1/arm-none-eabi/bin/../lib/gcc/arm-none-eabi/14.2.1/../../../../arm-none-eabi/lib/thumb/v6-m/nofp/libg.a(libc_a-gdtoa-gethex.o)
 .text.__gethex
                0x1000b460      0x5f4 /Applications/ArmGNUToolchain/14.2.rel1/arm-none-eabi/bin/../lib/gcc/arm-none-eabi/14.2.1/../../../../arm-none-eabi/lib/thumb/v6-m/nofp/libg.a(libc_a-gdtoa-gethex.o)
                0x1000b460                __gethex
 .text.__match  0x1000ba54       0x2c /Applications/ArmGNUToolchain/14.2.rel1/arm-none-eabi/bin/../lib/gcc/arm-none-eabi/14.2.1/../../../../arm-none-eabi/lib/thumb/v6-m/nofp/libg.a(libc_a-gdtoa-hexnan.o)
                0x1000ba54                __match
 .text.__hexnan
                0x1000ba80      0x208 /Applications/ArmGNUToolchain/14.2.rel1/arm-none-eabi/bin/../lib/gcc/arm-none-eabi/14.2.1/../../../../arm-none-eabi/lib/thumb/v6-m/nofp/libg.a(libc_a-gdtoa-hexnan.o)
                0x1000ba80                __hexnan
 .text.__ascii_mbtowc
                0x1000bc88       0x2c /Applications/ArmGNUToolchain/14.2.rel1/arm-none-eabi/bin/../lib/gcc/arm-none-eabi/14.2.1/../../../../arm-none-eabi/lib/thumb/v6-m/nofp/libg.a(libc_a-mbtowc_r.o)
                0x1000bc88                __ascii_mbtowc
 .text._fwalk_sglue
                0x1000bcb4       0x44 /Applications/ArmGNUToolchain/14.2.rel1/arm-none-eabi/bin/../lib/gcc/arm-none-eabi/14.2.1/../../../../arm-none-eabi/lib/thumb/v6-m/nofp/libg.a(libc_a-fwalk.o)
                0x1000bcb4                _fwalk_sglue
 .text._Balloc  0x1000bcf8       0x50 /Applications/ArmGNUToolchain/14.2.rel1/arm-none-eabi/bin/../lib/gcc/arm-none-eabi/14.2.1/../../../../arm-none-eabi/lib/thumb/v6-m/nofp/libg.a(libc_a-mprec.o)
                0x1000bcf8                _Balloc
 .text._Bfree   0x1000bd48       0x14 /Applications/ArmGNUToolchain/14.2.rel1/arm-none-eabi/bin/../lib/gcc/arm-none-eabi/14.2.1/../../../../arm-none-eabi/lib/thumb/v6-m/nofp/libg.a(libc_a-mprec.o)
                0x1000bd48                _Bfree
 .text.__multadd
                0x1000bd5c       0xa4 /Applications/ArmGNUToolchain/14.2.rel1/arm-none-eabi/bin/../lib/gcc/arm-none-eabi/14.2.1/../../../../arm-none-eabi/lib/thumb/v6-m/nofp/libg.a(libc_a-mprec.o)
                0x1000bd5c                __multadd
 .text.__s2b    0x1000be00       0xb0 /Applications/ArmGNUToolchain/14.2.rel1/arm-none-eabi/bin/../lib/gcc/arm-none-eabi/14.2.1/../../../../arm-none-eabi/lib/thumb/v6-m/nofp/libg.a(libc_a-mprec.o)
                0x1000be00                __s2b
 .text.__hi0bits
                0x1000beb0       0x60 /Applications/ArmGNUToolchain/14.2.rel1/arm-none-eabi/bin/../lib/gcc/arm-none-eabi/14.2.1/../../../../arm-none-eabi/lib/thumb/v6-m/nofp/libg.a(libc_a-mprec.o)
                0x1000beb0                __hi0bits
 .text.__lo0bits
                0x1000bf10       0x90 /Applications/ArmGNUToolchain/14.2.rel1/arm-none-eabi/bin/../lib/gcc/arm-none-eabi/14.2.1/../../../../arm-none-eabi/lib/thumb/v6-m/nofp/libg.a(libc_a-mprec.o)
                0x1000bf10                __lo0bits
 .text.__i2b    0x1000bfa0       0x60 /Applications/ArmGNUToolchain/14.2.rel1/arm-none-eabi/bin/../lib/gcc/arm-none-eabi/14.2.1/../../../../arm-none-eabi/lib/thumb/v6-m/nofp/libg.a(libc_a-mprec.o)
                0x1000bfa0                __i2b
 .text.__multiply
                0x1000c000      0x1b0 /Applications/ArmGNUToolchain/14.2.rel1/arm-none-eabi/bin/../lib/gcc/arm-none-eabi/14.2.1/../../../../arm-none-eabi/lib/thumb/v6-m/nofp/libg.a(libc_a-mprec.o)
                0x1000c000                __multiply
 .text.__pow5mult
                0x1000c1b0       0xd8 /Applications/ArmGNUToolchain/14.2.rel1/arm-none-eabi/bin/../lib/gcc/arm-none-eabi/14.2.1/../../../../arm-none-eabi/lib/thumb/v6-m/nofp/libg.a(libc_a-mprec.o)
                0x1000c1b0                __pow5mult
 .text.__lshift
                0x1000c288       0xfc /Applications/ArmGNUToolchain/14.2.rel1/arm-none-eabi/bin/../lib/gcc/arm-none-eabi/14.2.1/../../../../arm-none-eabi/lib/thumb/v6-m/nofp/libg.a(libc_a-mprec.o)
                0x1000c288                __lshift
 .text.__mcmp   0x1000c384       0x3c /Applications/ArmGNUToolchain/14.2.rel1/arm-none-eabi/bin/../lib/gcc/arm-none-eabi/14.2.1/../../../../arm-none-eabi/lib/thumb/v6-m/nofp/libg.a(libc_a-mprec.o)
                0x1000c384                __mcmp
 .text.__mdiff  0x1000c3c0      0x1a8 /Applications/ArmGNUToolchain/14.2.rel1/arm-none-eabi/bin/../lib/gcc/arm-none-eabi/14.2.1/../../../../arm-none-eabi/lib/thumb/v6-m/nofp/libg.a(libc_a-mprec.o)
                0x1000c3c0                __mdiff
 .text.__ulp    0x1000c568       0x40 /Applications/ArmGNUToolchain/14.2.rel1/arm-none-eabi/bin/../lib/gcc/arm-none-eabi/14.2.1/../../../../arm-none-eabi/lib/thumb/v6-m/nofp/libg.a(libc_a-mprec.o)
                0x1000c568                __ulp
 .text.__b2d    0x1000c5a8       0xb8 /Applications/ArmGNUToolchain/14.2.rel1/arm-none-eabi/bin/../lib/gcc/arm-none-eabi/14.2.1/../../../../arm-none-eabi/lib/thumb/v6-m/nofp/libg.a(libc_a-mprec.o)
                0x1000c5a8                __b2d
 .text.__d2b    0x1000c660       0xc4 /Applications/ArmGNUToolchain/14.2.rel1/arm-none-eabi/bin/../lib/gcc/arm-none-eabi/14.2.1/../../../../arm-none-eabi/lib/thumb/v6-m/nofp/libg.a(libc_a-mprec.o)
                0x1000c660                __d2b
 .text.__ratio  0x1000c724       0x68 /Applications/ArmGNUToolchain/14.2.rel1/arm-none-eabi/bin/../lib/gcc/arm-none-eabi/14.2.1/../../../../arm-none-eabi/lib/thumb/v6-m/nofp/libg.a(libc_a-mprec.o)
                0x1000c724                __ratio
 .text.__copybits
                0x1000c78c       0x40 /Applications/ArmGNUToolchain/14.2.rel1/arm-none-eabi/bin/../lib/gcc/arm-none-eabi/14.2.1/../../../../arm-none-eabi/lib/thumb/v6-m/nofp/libg.a(libc_a-mprec.o)
                0x1000c78c                __copybits
 .text.__any_on
                0x1000c7cc       0x4c /Applications/ArmGNUToolchain/14.2.rel1/arm-none-eabi/bin/../lib/gcc/arm-none-eabi/14.2.1/../../../../arm-none-eabi/lib/thumb/v6-m/nofp/libg.a(libc_a-mprec.o)
                0x1000c7cc                __any_on
 .text.__smakebuf_r
                0x1000c818       0xd4 /Applications/ArmGNUToolchain/14.2.rel1/arm-none-eabi/bin/../lib/gcc/arm-none-eabi/14.2.1/../../../../arm-none-eabi/lib/thumb/v6-m/nofp/libg.a(libc_a-makebuf.o)
                0x1000c818                __smakebuf_r
 .text.__ascii_wctomb
                0x1000c8ec       0x1c /Applications/ArmGNUToolchain/14.2.rel1/arm-none-eabi/bin/../lib/gcc/arm-none-eabi/14.2.1/../../../../arm-none-eabi/lib/thumb/v6-m/nofp/libg.a(libc_a-wctomb_r.o)
                0x1000c8ec                __ascii_wctomb
 .text._fclose_r
                0x1000c908       0xcc /Applications/ArmGNUToolchain/14.2.rel1/arm-none-eabi/bin/../lib/gcc/arm-none-eabi/14.2.1/../../../../arm-none-eabi/lib/thumb/v6-m/nofp/libg.a(libc_a-fclose.o)
                0x1000c908                _fclose_r
 .text._fstat_r
                0x1000c9d4       0x28 /Applications/ArmGNUToolchain/14.2.rel1/arm-none-eabi/bin/../lib/gcc/arm-none-eabi/14.2.1/../../../../arm-none-eabi/lib/thumb/v6-m/nofp/libg.a(libc_a-fstatr.o)
                0x1000c9d4                _fstat_r
 .text._isatty_r
                0x1000c9fc       0x24 /Applications/ArmGNUToolchain/14.2.rel1/arm-none-eabi/bin/../lib/gcc/arm-none-eabi/14.2.1/../../../../arm-none-eabi/lib/thumb/v6-m/nofp/libg.a(libc_a-isattyr.o)
                0x1000c9fc                _isatty_r
 *(.fini)
 .fini          0x1000ca20        0x4 /Applications/ArmGNUToolchain/14.2.rel1/arm-none-eabi/bin/../lib/gcc/arm-none-eabi/14.2.1/thumb/v6-m/nofp/crti.o
                0x1000ca20                _fini
 *fill*         0x1000ca24        0x4 
 .fini.__stub   0x1000ca28       0xc0 linker stubs
 *crtbegin.o(.ctors)
 *crtbegin?.o(.ctors)
 *(EXCLUDE_FILE(*crtend.o *crtend?.o) .ctors)
 *(SORT_BY_NAME(.ctors.*))
 *(.ctors)
 *crtbegin.o(.dtors)
 *crtbegin?.o(.dtors)
 *(EXCLUDE_FILE(*crtend.o *crtend?.o) .dtors)
 *(SORT_BY_NAME(.dtors.*))
 *(.dtors)
                0x1000cae8                        . = ALIGN (0x4)
                0x1000cae8                        PROVIDE (__preinit_array_start = .)
 *(SORT_BY_NAME(.preinit_array.*))
 .preinit_array.00100
                0x1000cae8        0x4 CMakeFiles/w25q128_driver.dir/Users/thetragedyofdarthwise/pico/pico-sdk/src/rp2_common/pico_runtime_init/runtime_init.c.o
                0x1000cae8                __pre_init_runtime_init_early_resets
 .preinit_array.00101
                0x1000caec        0x4 CMakeFiles/w25q128_driver.dir/Users/thetragedyofdarthwise/pico/pico-sdk/src/rp2_common/pico_runtime_init/runtime_init.c.o
                0x1000caec                __pre_init_runtime_init_usb_power_down
 .preinit_array.00275
                0x1000caf0        0x4 CMakeFiles/w25q128_driver.dir/Users/thetragedyofdarthwise/pico/pico-sdk/src/rp2_common/pico_bit_ops/bit_ops_aeabi.S.o
 .preinit_array.00300
                0x1000caf4        0x4 CMakeFiles/w25q128_driver.dir/Users/thetragedyofdarthwise/pico/pico-sdk/src/rp2_common/pico_mem_ops/mem_ops_aeabi.S.o
 .preinit_array.00350
                0x1000caf8        0x4 CMakeFiles/w25q128_driver.dir/Users/thetragedyofdarthwise/pico/pico-sdk/src/rp2_common/pico_double/double_aeabi_rp2040.S.o
 .preinit_array.00350
                0x1000cafc        0x4 CMakeFiles/w25q128_driver.dir/Users/thetragedyofdarthwise/pico/pico-sdk/src/rp2_common/pico_float/float_aeabi_rp2040.S.o
 .preinit_array.00500
                0x1000cb00        0x4 CMakeFiles/w25q128_driver.dir/Users/thetragedyofdarthwise/pico/pico-sdk/src/rp2_common/pico_runtime_init/runtime_init.c.o
                0x1000cb00                __pre_init_runtime_init_clocks
 .preinit_array.00600
                0x1000cb04        0x4 CMakeFiles/w25q128_driver.dir/Users/thetragedyofdarthwise/pico/pico-sdk/src/rp2_common/pico_runtime_init/runtime_init.c.o
                0x1000cb04                __pre_init_runtime_init_post_clock_resets
 .preinit_array.00700
                0x1000cb08        0x4 CMakeFiles/w25q128_driver.dir/Users/thetragedyofdarthwise/pico/pico-sdk/src/rp2_common/pico_runtime_init/runtime_init.c.o
                0x1000cb08                __pre_init_runtime_init_rp2040_gpio_ie_disable
 .preinit_array.01000
                0x1000cb0c        0x4 CMakeFiles/w25q128_driver.dir/Users/thetragedyofdarthwise/pico/pico-sdk/src/rp2_common/pico_runtime_init/runtime_init.c.o
                0x1000cb0c                __pre_init_runtime_init_spin_locks_reset
 .preinit_array.01100
                0x1000cb10        0x4 CMakeFiles/w25q128_driver.dir/Users/thetragedyofdarthwise/pico/pico-sdk/src/common/pico_sync/mutex.c.o
                0x1000cb10                __pre_init_runtime_init_mutex
 .preinit_array.10080
                0x1000cb14        0x4 CMakeFiles/w25q128_driver.dir/Users/thetragedyofdarthwise/pico/pico-sdk/src/rp2_common/pico_runtime_init/runtime_init.c.o
                0x1000cb14                __pre_init_runtime_init_install_ram_vector_table
 .preinit_array.11000
                0x1000cb18        0x4 CMakeFiles/w25q128_driver.dir/Users/thetragedyofdarthwise/pico/pico-sdk/src/common/pico_time/time.c.o
                0x1000cb18                __pre_init_runtime_init_default_alarm_pool
 .preinit_array.YYYYY
                0x1000cb1c        0x4 CMakeFiles/w25q128_driver.dir/Users/thetragedyofdarthwise/pico/pico-sdk/src/rp2_common/pico_runtime/runtime.c.o
                0x1000cb1c                __pre_init_first_per_core_initializer
 .preinit_array.ZZZZZ.01200
                0x1000cb20        0x4 CMakeFiles/w25q128_driver.dir/Users/thetragedyofdarthwise/pico/pico-sdk/src/rp2_common/hardware_irq/irq.c.o
                0x1000cb20                __pre_init_runtime_init_per_core_irq_priorities
 *(.preinit_array)
                0x1000cb24                        PROVIDE (__preinit_array_end = .)
                0x1000cb24                        . = ALIGN (0x4)
                0x1000cb24                        PROVIDE (__init_array_start = .)
 *(SORT_BY_NAME(.init_array.*))
 *(.init_array)
 .init_array    0x1000cb24        0x4 /Applications/ArmGNUToolchain/14.2.rel1/arm-none-eabi/bin/../lib/gcc/arm-none-eabi/14.2.1/thumb/v6-m/nofp/crtbegin.o
 .init_array    0x1000cb28        0x4 CMakeFiles/w25q128_driver.dir/Users/thetragedyofdarthwise/pico/pico-sdk/src/rp2_common/pico_unique_id/unique_id.c.o
                0x1000cb2c                        PROVIDE (__init_array_end = .)
                0x1000cb2c                        . = ALIGN (0x4)
                [!provide]                        PROVIDE (__fini_array_start = .)
 *(SORT_BY_NAME(.fini_array.*))
 *(.fini_array)
                [!provide]                        PROVIDE (__fini_array_end = .)
 *(.eh_frame*)
 .eh_frame      0x1000cb2c        0x0 /Applications/ArmGNUToolchain/14.2.rel1/arm-none-eabi/bin/../lib/gcc/arm-none-eabi/14.2.1/thumb/v6-m/nofp/crtbegin.o
                0x1000cb2c                        . = ALIGN (0x4)

.glue_7         0x1000cb2c        0x0
 .glue_7        0x1000cb2c        0x0 linker stubs

.glue_7t        0x1000cb2c        0x0
 .glue_7t       0x1000cb2c        0x0 linker stubs

.vfp11_veneer   0x1000cb2c        0x0
 .vfp11_veneer  0x1000cb2c        0x0 linker stubs

.v4_bx          0x1000cb2c        0x0
 .v4_bx         0x1000cb2c        0x0 linker stubs

.iplt           0x1000cb2c        0x0
 .iplt          0x1000cb2c        0x0 /Applications/ArmGNUToolchain/14.2.rel1/arm-none-eabi/bin/../lib/gcc/arm-none-eabi/14.2.1/thumb/v6-m/nofp/crtbegin.o

.rodata         0x1000cb30     0x7b00
 *(EXCLUDE_FILE(*libm.a: *libc.a:*lib_a-mem*.o *libgcc.a:) .rodata*)
 .rodata.main.str1.4
                0x1000cb30      0x36a CMakeFiles/w25q128_driver.dir/main.c.o
                                 0x36 (size before relaxing)
 .rodata.panic.str1.4
                0x1000ce9a       0x12 CMakeFiles/w25q128_driver.dir/Users/thetragedyofdarthwise/pico/pico-sdk/src/rp2_common/pico_platform_panic/panic.c.o
 .rodata.spin_lock_claim_unused.str1.4
                0x1000ce9a       0x1b CMakeFiles/w25q128_driver.dir/Users/thetragedyofdarthwise/pico/pico-sdk/src/rp2_common/hardware_sync/sync.c.o
 .rodata.user_irq_claim_unused.str1.4
                0x1000ce9a       0x1b CMakeFiles/w25q128_driver.dir/Users/thetragedyofdarthwise/pico/pico-sdk/src/rp2_common/hardware_irq/irq.c.o
 *fill*         0x1000ce9a        0x6 
 .rodata.at_the_end_of_time
                0x1000cea0        0x8 CMakeFiles/w25q128_driver.dir/Users/thetragedyofdarthwise/pico/pico-sdk/src/common/pico_time/time.c.o
                0x1000cea0                at_the_end_of_time
 .rodata.timer_hardware_alarm_claim.str1.4
                0x1000cea8       0x22 CMakeFiles/w25q128_driver.dir/Users/thetragedyofdarthwise/pico/pico-sdk/src/rp2_common/hardware_timer/timer.c.o
 .rodata.hard_assertion_failure.str1.4
                0x1000cea8        0xc CMakeFiles/w25q128_driver.dir/Users/thetragedyofdarthwise/pico/pico-sdk/src/rp2_common/pico_runtime/runtime.c.o
 .rodata.missing_double_func_shim.str1.4
                0x1000cea8       0x18 CMakeFiles/w25q128_driver.dir/Users/thetragedyofdarthwise/pico/pico-sdk/src/rp2_common/pico_double/double_init_rom_rp2040.c.o
 .rodata.missing_float_func_shim.str1.4
                0x1000cea8        0x1 CMakeFiles/w25q128_driver.dir/Users/thetragedyofdarthwise/pico/pico-sdk/src/rp2_common/pico_float/float_init_rom_rp2040.c.o
 .rodata.__wrap_malloc.str1.4
                0x1000cea8        0xe CMakeFiles/w25q128_driver.dir/Users/thetragedyofdarthwise/pico/pico-sdk/src/rp2_common/pico_malloc/malloc.c.o
 .rodata.str1.4
                0x1000cea8       0x44 CMakeFiles/w25q128_driver.dir/Users/thetragedyofdarthwise/pico/pico-sdk/src/rp2_common/pico_standard_binary_info/standard_binary_info.c.o
 .rodata.__bi_84
                0x1000cea8        0xc CMakeFiles/w25q128_driver.dir/Users/thetragedyofdarthwise/pico/pico-sdk/src/rp2_common/pico_standard_binary_info/standard_binary_info.c.o
 .rodata.__bi_78
                0x1000ceb4        0xc CMakeFiles/w25q128_driver.dir/Users/thetragedyofdarthwise/pico/pico-sdk/src/rp2_common/pico_standard_binary_info/standard_binary_info.c.o
 .rodata.__bi_54
                0x1000cec0        0xc CMakeFiles/w25q128_driver.dir/Users/thetragedyofdarthwise/pico/pico-sdk/src/rp2_common/pico_standard_binary_info/standard_binary_info.c.o
 .rodata.__bi_48
                0x1000cecc        0xc CMakeFiles/w25q128_driver.dir/Users/thetragedyofdarthwise/pico/pico-sdk/src/rp2_common/pico_standard_binary_info/standard_binary_info.c.o
 .rodata.__bi_42
                0x1000ced8        0xc CMakeFiles/w25q128_driver.dir/Users/thetragedyofdarthwise/pico/pico-sdk/src/rp2_common/pico_standard_binary_info/standard_binary_info.c.o
 .rodata.__bi_34
                0x1000cee4        0xc CMakeFiles/w25q128_driver.dir/Users/thetragedyofdarthwise/pico/pico-sdk/src/rp2_common/pico_standard_binary_info/standard_binary_info.c.o
 .rodata.__bi_26
                0x1000cef0        0xc CMakeFiles/w25q128_driver.dir/Users/thetragedyofdarthwise/pico/pico-sdk/src/rp2_common/pico_standard_binary_info/standard_binary_info.c.o
 .rodata._ftoa.str1.4
                0x1000cefc       0x15 CMakeFiles/w25q128_driver.dir/Users/thetragedyofdarthwise/pico/pico-sdk/src/rp2_common/pico_printf/printf.c.o
 .rodata._vsnprintf
                0x1000cefc      0x19c CMakeFiles/w25q128_driver.dir/Users/thetragedyofdarthwise/pico/pico-sdk/src/rp2_common/pico_printf/printf.c.o
 .rodata.pow10.0
                0x1000d098       0x50 CMakeFiles/w25q128_driver.dir/Users/thetragedyofdarthwise/pico/pico-sdk/src/rp2_common/pico_printf/printf.c.o
 .rodata.__assert_func.str1.4
                0x1000d0e8       0x43 CMakeFiles/w25q128_driver.dir/Users/thetragedyofdarthwise/pico/pico-sdk/src/rp2_common/pico_clib_interface/newlib_interface.c.o
 .rodata.crlf_str.0
                0x1000d0e8        0x2 CMakeFiles/w25q128_driver.dir/Users/thetragedyofdarthwise/pico/pico-sdk/src/rp2_common/pico_stdio/stdio.c.o
 *fill*         0x1000d0ea        0x2 
 .rodata._resetd_driver
                0x1000d0ec       0x20 CMakeFiles/w25q128_driver.dir/Users/thetragedyofdarthwise/pico/pico-sdk/src/rp2_common/pico_stdio_usb/reset_interface.c.o
 .rodata.desc_ms_os_20
                0x1000d10c       0xa6 CMakeFiles/w25q128_driver.dir/Users/thetragedyofdarthwise/pico/pico-sdk/src/rp2_common/pico_stdio_usb/reset_interface.c.o
 *fill*         0x1000d1b2        0x2 
 .rodata.desc_bos
                0x1000d1b4       0x21 CMakeFiles/w25q128_driver.dir/Users/thetragedyofdarthwise/pico/pico-sdk/src/rp2_common/pico_stdio_usb/reset_interface.c.o
                0x1000d1b4                desc_bos
 .rodata.str1.4
                0x1000d1d5       0x13 CMakeFiles/w25q128_driver.dir/Users/thetragedyofdarthwise/pico/pico-sdk/src/rp2_common/pico_stdio_usb/stdio_usb.c.o
 *fill*         0x1000d1d5        0x3 
 .rodata.__bi_197.0
                0x1000d1d8        0xc CMakeFiles/w25q128_driver.dir/Users/thetragedyofdarthwise/pico/pico-sdk/src/rp2_common/pico_stdio_usb/stdio_usb.c.o
 .rodata.str1.4
                0x1000d1e4       0x2a CMakeFiles/w25q128_driver.dir/Users/thetragedyofdarthwise/pico/pico-sdk/src/rp2_common/pico_stdio_usb/stdio_usb_descriptors.c.o
 .rodata.usbd_desc_str